03-17 16:13:38.811  1702  2395 D WindowManager: printFreezingDisplayLogsopening app wtoken = AppWindowToken{9f4ef63 token=Token{a64f992 ActivityRecord{de9231d u0 com.tencent.qt.qtl/.activity.info.NewsDetailXmlActivity t761}}}, allDrawn= false, startingDisplayed =  false, startingMoved =  false, isRelaunching =  false
03-17 16:13:38.819  1702  8671 D PowerManagerService: acquire lock=233570404, flags=0x1, tag="View Lock", name=com.android.systemui, ws=null, uid=10037, pid=2227
03-17 16:13:38.820  1702  8671 D PowerManagerService: ready=true,policy=3,wakefulness=1,wksummary=0x23,uasummary=0x1,bootcompleted=true,boostinprogress=false,waitmodeenable=false,mode=false,manual=38,auto=-1,adj=0.0userId=0
03-17 16:13:38.839  1702  2113 V WindowManager: Skipping AppWindowToken{df0798e token=Token{78af589 ActivityRecord{3b04890 u0 com.tencent.qt.qtl/com.tencent.video.player.activity.PlayerActivity t761}}} -- going to hide
03-17 16:13:38.859  2227  2227 D TextView: visible is system.time.showampm
03-17 16:13:38.861  2227  2227 D TextView: mVisiblity.getValue is false
03-17 16:13:38.869  2227  2227 D TextView: visible is system.charge.show
03-17 16:13:38.871  2227  2227 D TextView: mVisiblity.getValue is false
03-17 16:13:38.875  2227  2227 D TextView: visible is system.call.count gt 0
03-17 16:13:38.877  2227  2227 D TextView: mVisiblity.getValue is false
03-17 16:13:38.881  2227  2227 D TextView: visible is system.message.count gt 0
03-17 16:13:38.882  2227  2227 D TextView: mVisiblity.getValue is false
03-17 16:13:38.887  2227  2227 D TextView: visible is system.ownerinfo.show
03-17 16:13:38.888  2227  2227 D TextView: mVisiblity.getValue is false
03-17 16:13:38.905  1702 10454 D PowerManagerService: release:lock=233570404, flg=0x0, tag="View Lock", name=com.android.systemui", ws=null, uid=10037, pid=2227
03-17 16:13:38.907  1702 10454 D PowerManagerService: ready=true,policy=3,wakefulness=1,wksummary=0x23,uasummary=0x1,bootcompleted=true,boostinprogress=false,waitmodeenable=false,mode=false,manual=38,auto=-1,adj=0.0userId=0
03-17 16:13:38.915  1702  3693 V WindowManager: Skipping AppWindowToken{df0798e token=Token{78af589 ActivityRecord{3b04890 u0 com.tencent.qt.qtl/com.tencent.video.player.activity.PlayerActivity t761}}} -- going to hide
03-17 16:13:38.928  2227  2227 I StackScrollAlgorithm: updateClipping isOverlap:false, getTopPadding=333.0, Translation=-24.0
03-17 16:13:38.928  2227  2227 I StackScrollAlgorithm: updateDimmedActivatedHideSensitive overlap:false
03-17 16:13:38.935  1702  3697 W ActivityManager: getRunningAppProcesses: caller 10113 does not hold REAL_GET_TASKS; limiting output
03-17 16:13:38.936  1702 14638 D PowerManagerService: release:lock=189667585, flg=0x0, tag="*launch*", name=android", ws=WorkSource{10113}, uid=1000, pid=1702
03-17 16:13:38.938  1702 14638 D PowerManagerService: ready=true,policy=3,wakefulness=1,wksummary=0x23,uasummary=0x1,bootcompleted=true,boostinprogress=false,waitmodeenable=false,mode=false,manual=38,auto=-1,adj=0.0userId=0
03-17 16:13:38.954  2227  2227 I PhoneStatusBar: setSystemUiVisibility vis=40000500 mask=ffffffff oldVal=508 newVal=40000500 diff=40000008 fullscreenStackVis=0 dockedStackVis=0, fullscreenStackBounds=Rect(0, 0 - 720, 1280), dockedStackBounds=Rect(0, 0 - 0, 0)
03-17 16:13:38.955  2227  2227 I PhoneStatusBar: cancelAutohide
03-17 16:13:38.955  2227  2227 I PhoneStatusBar: notifyUiVisibilityChanged:vis=0x40000500, SystemUiVisibility=0x40000500
03-17 16:13:38.994  1702 27365 I WindowManager: Destroying surface Surface(name=SurfaceView - com.tencent.qt.qtl/com.tencent.video.player.activity.PlayerActivity) called by com.android.server.wm.WindowStateAnimator.destroyDeferredSurfaceLocked:942 com.android.server.wm.WindowManagerService.performDeferredDestroyWindow:3407 com.android.server.wm.Session.performDeferredDestroy:225 android.view.IWindowSession$Stub.onTransact:398 com.android.server.wm.Session.onTransact:136 android.os.Binder.execTransact:565 <bottom of call stack> <bottom of call stack> 
03-17 16:13:39.006  1702  2639 I WindowManager: Destroying surface Surface(name=com.tencent.qt.qtl/com.tencent.video.player.activity.PlayerActivity) called by com.android.server.wm.WindowStateAnimator.destroySurface:2060 com.android.server.wm.WindowStateAnimator.destroySurfaceLocked:913 com.android.server.wm.WindowState.destroyOrSaveSurface:2201 com.android.server.wm.WindowManagerService.tryStartExitingAnimation:3299 com.android.server.wm.WindowManagerService.relayoutWindow:3179 com.android.server.wm.Session.relayout:215 android.view.IWindowSession$Stub.onTransact:286 com.android.server.wm.Session.onTransact:136 
03-17 16:13:39.010  1702  2639 D PowerManagerService: release:lock=62617001, flg=0x0, tag="WindowManager", name=android", ws=WorkSource{10113}, uid=1000, pid=1702
03-17 16:13:39.011  1702  2639 D PowerManagerService: userActivityNoUpdateLocked: eventTime=261843648, event=0, flags=0x1, uid=1000
03-17 16:13:39.011  1702  2639 D PowerManagerService: ready=true,policy=3,wakefulness=1,wksummary=0x1,uasummary=0x1,bootcompleted=true,boostinprogress=false,waitmodeenable=false,mode=false,manual=38,auto=-1,adj=0.0userId=0
03-17 16:13:39.069  1702  1815 I WindowManager: orientation change is complete, call stopFreezingDisplayLocked
03-17 16:13:39.070  1702  1815 I WindowManager: Screen frozen for +1s0ms due to Window{ca98d5 u0 com.tencent.qt.qtl/com.tencent.qt.qtl.activity.info.NewsDetailXmlActivity}
03-17 16:13:39.070  1702  1815 D WindowManager: startAnimation begin
03-17 16:13:39.079  1702  1815 D WindowManager: startAnimation end
03-17 16:13:39.080  1702  1815 D PowerManagerService: release:lock=226887582, flg=0x0, tag="SCREEN_FROZEN", name=android", ws=null, uid=1000, pid=1702
03-17 16:13:39.080  1702  1815 D PowerManagerService: ready=true,policy=3,wakefulness=1,wksummary=0x1,uasummary=0x1,bootcompleted=true,boostinprogress=false,waitmodeenable=false,mode=false,manual=38,auto=-1,adj=0.0userId=0
03-17 16:13:39.095  1702  8671 I AlarmManager: remove(PendingIntent{19abed0: PendingIntentRecord{a485420 com.tencent.qt.qtl broadcastIntent}}) changed bounds; rebatching
03-17 16:13:39.207  1702  1815 I WindowManager: rotationForOrientationLw(orient=1, last=0); user=0 USER_ROTATION_LOCKED
03-17 16:13:39.207  1702  1815 I WindowManager: Application requested orientation 1, got rotation 0 which has compatible metrics
03-17 16:13:40.142  1702  2618 D PowerManagerService: acquire lock=166121161, flags=0x1, tag="RILJ_ACK_WL", name=com.android.phone, ws=null, uid=1001, pid=2626
03-17 16:13:40.143  1702  2618 D PowerManagerService: ready=true,policy=3,wakefulness=1,wksummary=0x1,uasummary=0x1,bootcompleted=true,boostinprogress=false,waitmodeenable=false,mode=false,manual=38,auto=-1,adj=0.0userId=0
03-17 16:13:40.146  1702  2555 D PowerManagerService: ready=true,policy=3,wakefulness=1,wksummary=0x1,uasummary=0x1,bootcompleted=true,boostinprogress=false,waitmodeenable=false,mode=false,manual=38,auto=-1,adj=0.0userId=0
03-17 16:13:40.147  1702  2633 D PowerManagerService: ready=true,policy=3,wakefulness=1,wksummary=0x1,uasummary=0x1,bootcompleted=true,boostinprogress=false,waitmodeenable=false,mode=false,manual=38,auto=-1,adj=0.0userId=0
03-17 16:13:40.148  1702  2395 D PowerManagerService: ready=true,policy=3,wakefulness=1,wksummary=0x1,uasummary=0x1,bootcompleted=true,boostinprogress=false,waitmodeenable=false,mode=false,manual=38,auto=-1,adj=0.0userId=0
03-17 16:13:40.150  1702  2556 D PowerManagerService: ready=true,policy=3,wakefulness=1,wksummary=0x1,uasummary=0x1,bootcompleted=true,boostinprogress=false,waitmodeenable=false,mode=false,manual=38,auto=-1,adj=0.0userId=0
03-17 16:13:40.190  1702  2250 D PowerManagerService: ready=true,policy=3,wakefulness=1,wksummary=0x1,uasummary=0x1,bootcompleted=true,boostinprogress=false,waitmodeenable=false,mode=false,manual=38,auto=-1,adj=0.0userId=0
03-17 16:13:40.241  2626  8682 W PhoneInterfaceManager: shouldBlockLocation running ...
03-17 16:13:40.241  2626  8682 I PhoneInterfaceManager: shouldBlockLocation  ret:false
03-17 16:13:40.280  2626  2642 W PhoneInterfaceManager: shouldBlockLocation running ...
03-17 16:13:40.280  2626  2642 I PhoneInterfaceManager: shouldBlockLocation  ret:false
03-17 16:13:40.305  3664  3807 D TelephonyManager: getNeighboringCellInfo calling app is com.amap.android.ams
03-17 16:13:40.307  2626 23469 W PhoneInterfaceManager: shouldBlockLocation running ...
03-17 16:13:40.308  2626 23469 I PhoneInterfaceManager: shouldBlockLocation  ret:false
03-17 16:13:40.309  1702  2395 D PowerManagerService: ready=true,policy=3,wakefulness=1,wksummary=0x1,uasummary=0x1,bootcompleted=true,boostinprogress=false,waitmodeenable=false,mode=false,manual=38,auto=-1,adj=0.0userId=0
03-17 16:13:40.319  1702 17630 D PowerManagerService: ready=true,policy=3,wakefulness=1,wksummary=0x1,uasummary=0x1,bootcompleted=true,boostinprogress=false,waitmodeenable=false,mode=false,manual=38,auto=-1,adj=0.0userId=0
03-17 16:13:40.322  2626  2809 W PhoneInterfaceManager: shouldBlockLocation running ...
03-17 16:13:40.322  2626  2809 I PhoneInterfaceManager: shouldBlockLocation  ret:false
03-17 16:13:40.324  1702  2113 D PowerManagerService: ready=true,policy=3,wakefulness=1,wksummary=0x1,uasummary=0x1,bootcompleted=true,boostinprogress=false,waitmodeenable=false,mode=false,manual=38,auto=-1,adj=0.0userId=0
03-17 16:13:40.332  1702 27357 D PowerManagerService: ready=true,policy=3,wakefulness=1,wksummary=0x1,uasummary=0x1,bootcompleted=true,boostinprogress=false,waitmodeenable=false,mode=false,manual=38,auto=-1,adj=0.0userId=0
03-17 16:13:40.334  1702 27357 D PowerManagerService: ready=true,policy=3,wakefulness=1,wksummary=0x1,uasummary=0x1,bootcompleted=true,boostinprogress=false,waitmodeenable=false,mode=false,manual=38,auto=-1,adj=0.0userId=0
03-17 16:13:40.343  1702  3697 D PowerManagerService: ready=true,policy=3,wakefulness=1,wksummary=0x1,uasummary=0x1,bootcompleted=true,boostinprogress=false,waitmodeenable=false,mode=false,manual=38,auto=-1,adj=0.0userId=0
03-17 16:13:40.345  1702 14638 D PowerManagerService: release:lock=166121161, flg=0x0, tag="RILJ_ACK_WL", name=com.android.phone", ws=null, uid=1001, pid=2626
03-17 16:13:40.345  1702 14638 D PowerManagerService: ready=true,policy=3,wakefulness=1,wksummary=0x1,uasummary=0x1,bootcompleted=true,boostinprogress=false,waitmodeenable=false,mode=false,manual=38,auto=-1,adj=0.0userId=0
03-17 16:13:40.346  2626  2642 W PhoneInterfaceManager: shouldBlockLocation running ...
03-17 16:13:40.346  2626  2642 I PhoneInterfaceManager: shouldBlockLocation  ret:false
03-17 16:13:41.480  1702 27357 D PowerManagerService: release:lock=264232593, flg=0x0, tag="AudioMix", name=audioserver", ws=null, uid=1041, pid=0
03-17 16:13:41.481  1702 27357 D PowerManagerService: ready=true,policy=3,wakefulness=1,wksummary=0x0,uasummary=0x1,bootcompleted=true,boostinprogress=false,waitmodeenable=false,mode=false,manual=38,auto=-1,adj=0.0userId=0
03-17 16:13:41.481  1702 27357 D PowerManagerService: Releasing suspend blocker "PowerManagerService.WakeLocks".
03-17 16:13:41.614  1702  1820 I DisplayPowerController: HBM brightnessIn =38
03-17 16:13:41.614  1702  1820 I DisplayPowerController: HBM brightnessOut =38
03-17 16:13:41.614  1702  1820 D DisplayPowerController: Animating brightness: target=38, rate=200
03-17 16:13:45.307  1702  2105 D PowerManagerService: userActivityNoUpdateLocked: eventTime=261849942, event=2, flags=0x0, uid=1000
03-17 16:13:45.308  1702  2105 D PowerManagerService: ready=true,policy=3,wakefulness=1,wksummary=0x0,uasummary=0x1,bootcompleted=true,boostinprogress=false,waitmodeenable=false,mode=false,manual=38,auto=-1,adj=0.0userId=0
03-17 16:13:45.310  2227  2227 I PhoneStatusBar: suspendAutohide
03-17 16:13:45.316  1702 14640 D WindowManager: interceptKeyTq keycode=4 interactive=true keyguardActive=false policyFlags=2b000002 down true canceled false
03-17 16:13:45.317  1702 14640 D WindowManager: interceptKeyBeforeQueueing: key 4 , result : 1
03-17 16:13:45.317  1702  2105 D PowerManagerService: userActivityNoUpdateLocked: eventTime=261849949, event=1, flags=0x0, uid=1000
03-17 16:13:45.318  1702  2105 D PowerManagerService: ready=true,policy=3,wakefulness=1,wksummary=0x0,uasummary=0x1,bootcompleted=true,boostinprogress=false,waitmodeenable=false,mode=false,manual=38,auto=-1,adj=0.0userId=0
03-17 16:13:45.358  2227  2227 I PhoneStatusBar: resumeSuspendedAutohide
03-17 16:13:45.361  1702  3137 D WindowManager: interceptKeyTq keycode=4 interactive=true keyguardActive=false policyFlags=2b000002 down false canceled false
03-17 16:13:45.362  1702  3137 D WindowManager: interceptKeyBeforeQueueing: key 4 , result : 1
03-17 16:13:45.362  2227  2318 V AudioManager: querySoundEffectsEnabled...
03-17 16:13:45.382  1702  3697 D PowerManagerService: acquire lock=189667585, flags=0x1, tag="*launch*", name=android, ws=WorkSource{10113}, uid=1000, pid=1702
03-17 16:13:45.382  1702  3697 D PowerManagerService: ready=true,policy=3,wakefulness=1,wksummary=0x1,uasummary=0x1,bootcompleted=true,boostinprogress=false,waitmodeenable=false,mode=false,manual=38,auto=-1,adj=0.0userId=0
03-17 16:13:45.382  1702  3697 D PowerManagerService: Acquiring suspend blocker "PowerManagerService.WakeLocks".
03-17 16:13:45.402  1702  3694 V WindowManager: Skipping AppWindowToken{9f4ef63 token=Token{a64f992 ActivityRecord{de9231d u0 com.tencent.qt.qtl/.activity.info.NewsDetailXmlActivity t761}}} -- going to hide
03-17 16:13:45.405  2227  2227 I PhoneStatusBar: setSystemUiVisibility vis=508 mask=ffffffff oldVal=40000500 newVal=508 diff=40000008 fullscreenStackVis=0 dockedStackVis=0, fullscreenStackBounds=Rect(0, 0 - 720, 1280), dockedStackBounds=Rect(0, 0 - 0, 0)
03-17 16:13:45.408  2227  2227 I PhoneStatusBar: cancelAutohide
03-17 16:13:45.408  2227  2227 I PhoneStatusBar: notifyUiVisibilityChanged:vis=0x508, SystemUiVisibility=0x508
03-17 16:13:45.466  1702 17632 W ActivityManager: Bad activity token: android.os.BinderProxy@2bd79ce
03-17 16:13:45.466  1702 17632 W ActivityManager: java.lang.ClassCastException: android.os.BinderProxy cannot be cast to com.android.server.am.ActivityRecord$Token
03-17 16:13:45.512  1702  2639 V WindowManager: Skipping AppWindowToken{9f4ef63 token=Token{a64f992 ActivityRecord{de9231d u0 com.tencent.qt.qtl/.activity.info.NewsDetailXmlActivity t761}}} -- going to hide
03-17 16:13:45.598  1702  2556 D PowerManagerService: release:lock=189667585, flg=0x0, tag="*launch*", name=android", ws=WorkSource{10113}, uid=1000, pid=1702
03-17 16:13:45.599  1702  2556 D PowerManagerService: ready=true,policy=3,wakefulness=1,wksummary=0x0,uasummary=0x1,bootcompleted=true,boostinprogress=false,waitmodeenable=false,mode=false,manual=38,auto=-1,adj=0.0userId=0
03-17 16:13:45.599  1702  2556 D PowerManagerService: Releasing suspend blocker "PowerManagerService.WakeLocks".
03-17 16:13:45.626  2227  2227 I PhoneStatusBar: setSystemUiVisibility vis=40000500 mask=ffffffff oldVal=508 newVal=40000500 diff=40000008 fullscreenStackVis=0 dockedStackVis=0, fullscreenStackBounds=Rect(0, 0 - 720, 1280), dockedStackBounds=Rect(0, 0 - 0, 0)
03-17 16:13:45.627  2227  2227 I PhoneStatusBar: cancelAutohide
03-17 16:13:45.627  2227  2227 I PhoneStatusBar: notifyUiVisibilityChanged:vis=0x40000500, SystemUiVisibility=0x40000500
03-17 16:13:46.143  1702  2105 D PowerManagerService: userActivityNoUpdateLocked: eventTime=261850777, event=2, flags=0x0, uid=1000
03-17 16:13:46.144  1702  2105 D PowerManagerService: ready=true,policy=3,wakefulness=1,wksummary=0x0,uasummary=0x1,bootcompleted=true,boostinprogress=false,waitmodeenable=false,mode=false,manual=38,auto=-1,adj=0.0userId=0
03-17 16:13:46.145  2227  2227 I PhoneStatusBar: suspendAutohide
03-17 16:13:46.146  2227  2227 I PhoneStatusBar: suspendAutohide
03-17 16:13:46.146  2227  2227 I PanelView: onTouchEvent::0, x=271.0, y=14.0
03-17 16:13:46.148  2227  2227 I PanelView: schedulePeek
03-17 16:13:46.153  1702  2113 V AudioManager: getRingtonePlayer...
03-17 16:13:46.155  2227  2227 D PhoneStatusBar: disable: < expand ICONS* alerts SYSTEM_INFO* back home recent clock navigationbar search quick_settings >
03-17 16:13:46.155  2227  2227 I PhoneStatusBar: suspendAutohide
03-17 16:13:46.158  1702  2113 I NotificationManager: updateLightsLocked,mInCall =false,mScreenOn = true,ledNotification == null?true
03-17 16:13:46.158  1702  2113 I NotificationManager: updateLightsLocked,turn off notificationLight
03-17 16:13:46.159  1702  3137 V AudioManager: getRingtonePlayer...
03-17 16:13:46.161  1702  3137 I NotificationManager: updateLightsLocked,mInCall =false,mScreenOn = true,ledNotification == null?true
03-17 16:13:46.161  1702  3137 I NotificationManager: updateLightsLocked,turn off notificationLight
03-17 16:13:46.187  2227  2227 I StackScrollAlgorithm: overlapAmount:196.0, previousNotificationEnd:0.0, newYTranslation:-196.0, location:4, i:0, getTopPadding:333.0, getLocationOnScreen():-529
03-17 16:13:46.187  2227  2227 I StackScrollAlgorithm: state.clipTopAmount:180, i:0
03-17 16:13:46.187  2227  2227 I StackScrollAlgorithm: updateClipping isOverlap:true, getTopPadding=333.0, Translation=-529.0
03-17 16:13:46.187  2227  2227 I StackScrollAlgorithm: updateDimmedActivatedHideSensitive overlap:true
03-17 16:13:46.232  1702  8289 W ActivityManager: getRunningAppProcesses: caller 10113 does not hold REAL_GET_TASKS; limiting output
03-17 16:13:46.240  2227  2227 I PhoneStatusBar: setSystemUiVisibility vis=40000600 mask=ffffffff oldVal=40000500 newVal=40000600 diff=300 fullscreenStackVis=0 dockedStackVis=0, fullscreenStackBounds=Rect(0, 0 - 720, 1280), dockedStackBounds=Rect(0, 0 - 0, 0)
03-17 16:13:46.240  2227  2227 I PhoneStatusBar: notifyUiVisibilityChanged:vis=0x40000600, SystemUiVisibility=0x40000600
03-17 16:13:46.241  2227  2227 I PhoneStatusBar: suspendAutohide
03-17 16:13:46.242  2227  2227 I PanelView: onExpandingStarted
03-17 16:13:46.250  2227  2227 I PhoneStatusBar: suspendAutohide
03-17 16:13:46.250  2227  2227 I PanelView: onTrackingStarted
03-17 16:13:46.277  1702 14640 I WindowManager: Destroying surface Surface(name=com.tencent.qt.qtl/com.tencent.qt.qtl.activity.info.NewsDetailXmlActivity) called by com.android.server.wm.WindowStateAnimator.destroySurface:2060 com.android.server.wm.WindowStateAnimator.destroySurfaceLocked:913 com.android.server.wm.WindowState.removeLocked:1554 com.android.server.wm.WindowManagerService.removeWindowInnerLocked:2739 com.android.server.wm.WindowManagerService.removeWindowInnerLocked:2702 com.android.server.wm.WindowManagerService.removeWindowLocked:2691 com.android.server.wm.WindowManagerService.removeWindowLocked:2560 com.android.server.wm.WindowManagerService.removeWindow:2555 
03-17 16:13:46.285  2227  2227 I PhoneStatusBar: suspendAutohide
03-17 16:13:46.290  2227  2227 I StackScrollAlgorithm: overlapAmount:146.0, previousNotificationEnd:0.0, newYTranslation:-146.0, location:4, i:0, getTopPadding:333.0, getLocationOnScreen():-479
03-17 16:13:46.290  2227  2227 I StackScrollAlgorithm: state.clipTopAmount:130, i:0
03-17 16:13:46.290  2227  2227 I StackScrollAlgorithm: updateClipping isOverlap:true, getTopPadding=333.0, Translation=-479.0
03-17 16:13:46.291  2227  2227 I StackScrollAlgorithm: updateDimmedActivatedHideSensitive overlap:true
03-17 16:13:46.304  2227  2227 I PhoneStatusBar: suspendAutohide
03-17 16:13:46.306  2227  2227 I StackScrollAlgorithm: overlapAmount:119.0, previousNotificationEnd:0.0, newYTranslation:-119.0, location:4, i:0, getTopPadding:333.0, getLocationOnScreen():-452
03-17 16:13:46.306  2227  2227 I StackScrollAlgorithm: state.clipTopAmount:103, i:0
03-17 16:13:46.306  2227  2227 I StackScrollAlgorithm: updateClipping isOverlap:true, getTopPadding=333.0, Translation=-452.0
03-17 16:13:46.306  2227  2227 I StackScrollAlgorithm: updateDimmedActivatedHideSensitive overlap:true
03-17 16:13:46.317  2227  2227 I PhoneStatusBar: suspendAutohide
03-17 16:13:46.318  2227  2227 I StackScrollAlgorithm: overlapAmount:85.0, previousNotificationEnd:0.0, newYTranslation:-85.0, location:4, i:0, getTopPadding:333.0, getLocationOnScreen():-418
03-17 16:13:46.318  2227  2227 I StackScrollAlgorithm: state.clipTopAmount:69, i:0
03-17 16:13:46.318  2227  2227 I StackScrollAlgorithm: updateClipping isOverlap:true, getTopPadding=333.0, Translation=-418.0
03-17 16:13:46.318  2227  2227 I StackScrollAlgorithm: updateDimmedActivatedHideSensitive overlap:true
03-17 16:13:46.338  2227  2227 I PhoneStatusBar: suspendAutohide
03-17 16:13:46.339  2227  2227 I StackScrollAlgorithm: overlapAmount:46.0, previousNotificationEnd:0.0, newYTranslation:-46.0, location:4, i:0, getTopPadding:333.0, getLocationOnScreen():-379
03-17 16:13:46.339  2227  2227 I StackScrollAlgorithm: state.clipTopAmount:30, i:0
03-17 16:13:46.339  2227  2227 I StackScrollAlgorithm: updateClipping isOverlap:true, getTopPadding=333.0, Translation=-379.0
03-17 16:13:46.339  2227  2227 I StackScrollAlgorithm: updateDimmedActivatedHideSensitive overlap:true
03-17 16:13:46.350  2227  2227 I PhoneStatusBar: suspendAutohide
03-17 16:13:46.352  2227  2227 I StackScrollAlgorithm: overlapAmount:5.0, previousNotificationEnd:0.0, newYTranslation:-5.0, location:4, i:0, getTopPadding:333.0, getLocationOnScreen():-338
03-17 16:13:46.352  2227  2227 I StackScrollAlgorithm: state.clipTopAmount:-1, i:0
03-17 16:13:46.352  2227  2227 I StackScrollAlgorithm: updateClipping isOverlap:true, getTopPadding=333.0, Translation=-338.0
03-17 16:13:46.352  2227  2227 I StackScrollAlgorithm: updateDimmedActivatedHideSensitive overlap:true
03-17 16:13:46.368  2227  2227 I PhoneStatusBar: suspendAutohide
03-17 16:13:46.370  2227  2227 I StackScrollAlgorithm: updateClipping isOverlap:false, getTopPadding=333.0, Translation=-293.0
03-17 16:13:46.370  2227  2227 I StackScrollAlgorithm: updateDimmedActivatedHideSensitive overlap:false
03-17 16:13:46.388  2227  2227 I PhoneStatusBar: suspendAutohide
03-17 16:13:46.389  2227  2227 I StackScrollAlgorithm: updateClipping isOverlap:false, getTopPadding=333.0, Translation=-250.0
03-17 16:13:46.389  2227  2227 I StackScrollAlgorithm: updateDimmedActivatedHideSensitive overlap:false
03-17 16:13:46.394  2227  2227 I PhoneStatusBar: suspendAutohide
03-17 16:13:46.397  2227  2227 I PhoneStatusBar: suspendAutohide
03-17 16:13:46.398  2227  2227 I PanelView: onTouchEvent::1, x=296.0, y=327.0
03-17 16:13:46.398  2227  2227 I PanelView: cancelPeek: false
03-17 16:13:46.398  2227  2227 I PanelView: flingToHeight: vel=2849.079, expand=true, target=553.0, collapseSpeedUpFactor=1.0, expandBecauseOfFalsing=false
03-17 16:13:46.398  2227  2227 I PanelView: onTrackingStopped: true
03-17 16:13:46.403  2227  2227 I StackScrollAlgorithm: updateClipping isOverlap:false, getTopPadding=333.0, Translation=-240.0
03-17 16:13:46.403  2227  2227 I StackScrollAlgorithm: updateDimmedActivatedHideSensitive overlap:false
03-17 16:13:46.417  2227  2227 I StackScrollAlgorithm: updateClipping isOverlap:false, getTopPadding=333.0, Translation=-200.0
03-17 16:13:46.417  2227  2227 I StackScrollAlgorithm: updateDimmedActivatedHideSensitive overlap:false
03-17 16:13:46.435  2227  2227 I StackScrollAlgorithm: updateClipping isOverlap:false, getTopPadding=333.0, Translation=-168.0
03-17 16:13:46.435  2227  2227 I StackScrollAlgorithm: updateDimmedActivatedHideSensitive overlap:false
03-17 16:13:46.451  2227  2227 I StackScrollAlgorithm: updateClipping isOverlap:false, getTopPadding=333.0, Translation=-139.0
03-17 16:13:46.451  2227  2227 I StackScrollAlgorithm: updateDimmedActivatedHideSensitive overlap:false
03-17 16:13:46.468  2227  2227 I StackScrollAlgorithm: updateClipping isOverlap:false, getTopPadding=333.0, Translation=-113.0
03-17 16:13:46.468  2227  2227 I StackScrollAlgorithm: updateDimmedActivatedHideSensitive overlap:false
03-17 16:13:46.486  2227  2227 I StackScrollAlgorithm: updateClipping isOverlap:false, getTopPadding=333.0, Translation=-90.0
03-17 16:13:46.486  2227  2227 I StackScrollAlgorithm: updateDimmedActivatedHideSensitive overlap:false
03-17 16:13:46.502  2227  2227 I StackScrollAlgorithm: updateClipping isOverlap:false, getTopPadding=333.0, Translation=-72.0
03-17 16:13:46.502  2227  2227 I StackScrollAlgorithm: updateDimmedActivatedHideSensitive overlap:false
03-17 16:13:46.518  2227  2227 I StackScrollAlgorithm: updateClipping isOverlap:false, getTopPadding=333.0, Translation=-55.0
03-17 16:13:46.518  2227  2227 I StackScrollAlgorithm: updateDimmedActivatedHideSensitive overlap:false
03-17 16:13:46.535  2227  2227 I StackScrollAlgorithm: updateClipping isOverlap:false, getTopPadding=333.0, Translation=-40.0
03-17 16:13:46.535  2227  2227 I StackScrollAlgorithm: updateDimmedActivatedHideSensitive overlap:false
03-17 16:13:46.551  2227  2227 I StackScrollAlgorithm: updateClipping isOverlap:false, getTopPadding=333.0, Translation=-29.0
03-17 16:13:46.551  2227  2227 I StackScrollAlgorithm: updateDimmedActivatedHideSensitive overlap:false
03-17 16:13:46.568  2227  2227 I StackScrollAlgorithm: updateClipping isOverlap:false, getTopPadding=333.0, Translation=-19.0
03-17 16:13:46.568  2227  2227 I StackScrollAlgorithm: updateDimmedActivatedHideSensitive overlap:false
03-17 16:13:46.586  2227  2227 I StackScrollAlgorithm: updateClipping isOverlap:false, getTopPadding=333.0, Translation=-11.0
03-17 16:13:46.586  2227  2227 I StackScrollAlgorithm: updateDimmedActivatedHideSensitive overlap:false
03-17 16:13:46.601  2227  2227 I StackScrollAlgorithm: updateClipping isOverlap:false, getTopPadding=333.0, Translation=-6.0
03-17 16:13:46.602  2227  2227 I StackScrollAlgorithm: updateDimmedActivatedHideSensitive overlap:false
03-17 16:13:46.619  2227  2227 I StackScrollAlgorithm: updateClipping isOverlap:false, getTopPadding=333.0, Translation=-2.0
03-17 16:13:46.619  2227  2227 I StackScrollAlgorithm: updateDimmedActivatedHideSensitive overlap:false
03-17 16:13:46.635  2227  2227 I StackScrollAlgorithm: updateClipping isOverlap:false, getTopPadding=333.0, Translation=-1.0
03-17 16:13:46.635  2227  2227 I StackScrollAlgorithm: updateDimmedActivatedHideSensitive overlap:false
03-17 16:13:46.652  2227  2227 I PanelView: onExpandingFinished
03-17 16:13:46.653  2227  2227 I StackScrollAlgorithm: updateClipping isOverlap:false, getTopPadding=333.0, Translation=0.0
03-17 16:13:46.653  2227  2227 I StackScrollAlgorithm: updateDimmedActivatedHideSensitive overlap:false
03-17 16:13:46.654  1702 10454 W ActivityManager: Sending non-protected broadcast com.android.systemui.statusbar.visible.change from system 2227:com.android.systemui/u0a37 pkg com.android.systemui
03-17 16:13:46.671  2227  2318 I PhoneStatusBar: logNotificationVisibilityChanges runInThread start
03-17 16:13:46.671  1702 17633 I NotificationManager: onNotificationVisibilityChanged called
03-17 16:13:46.672  2227  2318 I PhoneStatusBar: logNotificationVisibilityChanges runInThread over
03-17 16:13:46.764  2227  2794 E KeyguardUpdateMonitor: isSimPinSecure mSimDatas is null or empty 
03-17 16:13:46.765  2227  2794 W KeyguardUpdateMonitor: registerCallback not in UI.
03-17 16:13:46.765  2227  2794 W KeyguardUpdateMonitor: android.util.AndroidRuntimeException: Must execute in UI
03-17 16:13:46.765  2227  2794 V KeyguardUpdateMonitor: *** register callback for com.android.systemui.statusbar.policy.KeyguardMonitor@712d093
03-17 16:13:46.765  2227  2794 W KeyguardUpdateMonitor: registerCallback not in UI.
03-17 16:13:46.765  2227  2794 W KeyguardUpdateMonitor: android.util.AndroidRuntimeException: Must execute in UI
03-17 16:13:46.765  2227  2794 V KeyguardUpdateMonitor: *** unregister callback for null
03-17 16:13:46.778  2626  2839 D PhoneInterfaceManager: [PhoneIntfMgr] getDataEnabled: subId=1 phoneId=1
03-17 16:13:46.778  2626  2839 D PhoneInterfaceManager: [PhoneIntfMgr] getDataEnabled: subId=1 retVal=true
03-17 16:13:47.012  1702  2105 D PowerManagerService: userActivityNoUpdateLocked: eventTime=261851646, event=2, flags=0x0, uid=1000
03-17 16:13:47.013  1702  2105 D PowerManagerService: ready=true,policy=3,wakefulness=1,wksummary=0x0,uasummary=0x1,bootcompleted=true,boostinprogress=false,waitmodeenable=false,mode=false,manual=38,auto=-1,adj=0.0userId=0
03-17 16:13:47.016  2227  2227 I PanelView: onInterceptTouchEvent MotionEvent { action=ACTION_DOWN, actionButton=0, id[0]=0, x[0]=317.0, y[0]=419.0, toolType[0]=TOOL_TYPE_FINGER, buttonState=0, metaState=0, flags=0x0, edgeFlags=0x0, pointerCount=1, historySize=0, eventTime=261851646, downTime=261851646, deviceId=3, source=0x1002 }, mBlockTouches=false
03-17 16:13:47.038  2227  2227 I StackScrollAlgorithm: updateClipping isOverlap:false, getTopPadding=333.0, Translation=0.0
03-17 16:13:47.038  2227  2227 I StackScrollAlgorithm: updateDimmedActivatedHideSensitive overlap:false
03-17 16:13:47.078  2227  2227 I PanelView: onInterceptTouchEvent MotionEvent { action=ACTION_UP, actionButton=0, id[0]=0, x[0]=317.0, y[0]=419.0, toolType[0]=TOOL_TYPE_FINGER, buttonState=0, metaState=0, flags=0x0, edgeFlags=0x0, pointerCount=1, historySize=0, eventTime=261851713, downTime=261851646, deviceId=3, source=0x1002 }, mBlockTouches=false
03-17 16:13:47.091  2227  2227 V AudioManager: playSoundEffect   effectType: 0
03-17 16:13:47.091  2227  2227 V AudioManager: querySoundEffectsEnabled...
03-17 16:13:47.100  2227  2227 I PhoneStatusBar: animateCollapsePanels:flags=2, force=true, delayed=true, mExpandedVisible=true
03-17 16:13:47.101  2227  2227 I PanelView: onExpandingStarted
03-17 16:13:47.102  2227  2318 I PhoneStatusBar: logNotificationVisibilityChanges runInThread start
03-17 16:13:47.103  1702  3137 I NotificationManager: onNotificationVisibilityChanged called
03-17 16:13:47.104  2227  2318 I PhoneStatusBar: logNotificationVisibilityChanges runInThread over
03-17 16:13:47.113  1702 17622 I ActivityManager: START u0 {act=com.tencent.mobileqq.action.MAINACTIVITY flg=0x14000000 cmp=com.tencent.mobileqq/.activity.SplashActivity (has extras)} from uid 10111 on display 0
03-17 16:13:47.114  1702 17622 I ActivityManager: ActivityRecord info: ActivityInfo{d1c8e63 com.tencent.mobileqq.activity.SplashActivity}, euid: 0
03-17 16:13:47.124  2227  2227 I PhoneStatusBar: setSystemUiVisibility vis=40000500 mask=ffffffff oldVal=40000600 newVal=40000500 diff=300 fullscreenStackVis=0 dockedStackVis=0, fullscreenStackBounds=Rect(0, 0 - 720, 1280), dockedStackBounds=Rect(0, 0 - 0, 0)
03-17 16:13:47.124  2227  2227 I PhoneStatusBar: notifyUiVisibilityChanged:vis=0x40000500, SystemUiVisibility=0x40000500
03-17 16:13:47.138  1702 17622 D PowerManagerService: acquire lock=189667585, flags=0x1, tag="*launch*", name=android, ws=WorkSource{10111}, uid=1000, pid=1702
03-17 16:13:47.138  1702 17622 D PowerManagerService: ready=true,policy=3,wakefulness=1,wksummary=0x1,uasummary=0x1,bootcompleted=true,boostinprogress=false,waitmodeenable=false,mode=false,manual=38,auto=-1,adj=0.0userId=0
03-17 16:13:47.138  1702 17622 D PowerManagerService: Acquiring suspend blocker "PowerManagerService.WakeLocks".
03-17 16:13:47.149  1702 10454 I NotificationManager: onNotificationClick called
03-17 16:13:47.149  1702  1702 I NotificationManager: cancelNotification,index:0
03-17 16:13:47.150  1702  1702 I NotificationManager: cancelNotification,cancelNotificationLocked,callingUid = 10037,callingPid = 2227
03-17 16:13:47.150  1702  1702 I NotificationManager: cancelNotificationLocked called,tell the app,reason = 1
03-17 16:13:47.150  1702  1702 I NotificationManager: cancelNotificationLocked:0|com.tencent.mobileqq|121|null|10111
03-17 16:13:47.150  1702  1702 I NotificationManager: cancelNotificationLocked,remove =com.tencent.mobileqq
03-17 16:13:47.150  1702 17633 E ActivityManager: applyOptionsLocked: Unknown animationType=0
03-17 16:13:47.224  2227  2227 I PanelView: cancelPeek: false
03-17 16:13:47.224  2227  2227 I PanelView: flingToHeight: vel=0.0, expand=false, target=0.0, collapseSpeedUpFactor=1.0, expandBecauseOfFalsing=false
03-17 16:13:47.254  2227  2227 I StackScrollAlgorithm: updateClipping isOverlap:false, getTopPadding=333.0, Translation=-6.0
03-17 16:13:47.254  2227  2227 I StackScrollAlgorithm: updateDimmedActivatedHideSensitive overlap:false
03-17 16:13:47.270  2227  2227 I StackScrollAlgorithm: updateClipping isOverlap:false, getTopPadding=333.0, Translation=-21.0
03-17 16:13:47.270  2227  2227 I StackScrollAlgorithm: updateDimmedActivatedHideSensitive overlap:false
03-17 16:13:47.287  2227  2227 I StackScrollAlgorithm: updateClipping isOverlap:false, getTopPadding=333.0, Translation=-43.0
03-17 16:13:47.287  2227  2227 I StackScrollAlgorithm: updateDimmedActivatedHideSensitive overlap:false
03-17 16:13:47.289  1702 17633 I WindowManager: Taking screenshot from Surface with crop:[Rect(0, 48 - 720, 1208)], width:[432], height:[696], minLayer:[21085], maxLayer:[21085], inRotation:[false], rot:[0]
03-17 16:13:47.305  2227  2227 I StackScrollAlgorithm: updateClipping isOverlap:false, getTopPadding=333.0, Translation=-70.0
03-17 16:13:47.305  2227  2227 I StackScrollAlgorithm: updateDimmedActivatedHideSensitive overlap:false
03-17 16:13:47.320  2227  2227 I StackScrollAlgorithm: updateClipping isOverlap:false, getTopPadding=333.0, Translation=-102.0
03-17 16:13:47.321  2227  2227 I StackScrollAlgorithm: updateDimmedActivatedHideSensitive overlap:false
03-17 16:13:47.338  2227  2227 I StackScrollAlgorithm: updateClipping isOverlap:false, getTopPadding=333.0, Translation=-139.0
03-17 16:13:47.338  2227  2227 I StackScrollAlgorithm: updateDimmedActivatedHideSensitive overlap:false
03-17 16:13:47.341  1702  1702 I NotificationManager: updateLightsLocked,mInCall =false,mScreenOn = true,ledNotification == null?true
03-17 16:13:47.341  1702  1702 I NotificationManager: updateLightsLocked,turn off notificationLight
03-17 16:13:47.357  2227  2227 I StackScrollAlgorithm: updateClipping isOverlap:false, getTopPadding=333.0, Translation=-178.0
03-17 16:13:47.357  2227  2227 I StackScrollAlgorithm: updateDimmedActivatedHideSensitive overlap:false
03-17 16:13:47.371  2227  2227 I StackScrollAlgorithm: updateClipping isOverlap:false, getTopPadding=333.0, Translation=-222.0
03-17 16:13:47.371  2227  2227 I StackScrollAlgorithm: updateDimmedActivatedHideSensitive overlap:false
03-17 16:13:47.396  2227  2227 I StackScrollAlgorithm: updateClipping isOverlap:false, getTopPadding=333.0, Translation=-270.0
03-17 16:13:47.397  2227  2227 I StackScrollAlgorithm: updateDimmedActivatedHideSensitive overlap:false
03-17 16:13:47.402  2227  2227 I PhoneStatusBar: removeNotification:0|com.tencent.mobileqq|121|null|10111
03-17 16:13:47.402  2227  2227 I PhoneStatusBar: updateNotificationShade: total=0, active=0
03-17 16:13:47.403  2227  2227 I PhoneStatusBar: animateCollapsePanels:flags=0, force=false, delayed=false, mExpandedVisible=true
03-17 16:13:47.409  2227  2227 I StackScrollAlgorithm: updateClipping isOverlap:false, getTopPadding=333.0, Translation=-321.0
03-17 16:13:47.409  2227  2227 I StackScrollAlgorithm: updateDimmedActivatedHideSensitive overlap:false
03-17 16:13:47.410  1702 27357 I WindowManager: The change in focus caused us to need to do a layout begin
03-17 16:13:47.410  1702 27357 I WindowManager: The change in focus caused us to need to do a layout end
03-17 16:13:47.441  2227  2227 I StackScrollAlgorithm: overlapAmount:95.0, previousNotificationEnd:0.0, newYTranslation:-95.0, location:4, i:0, getTopPadding:333.0, getLocationOnScreen():-428
03-17 16:13:47.441  2227  2227 I StackScrollAlgorithm: state.clipTopAmount:79, i:0
03-17 16:13:47.441  2227  2227 I StackScrollAlgorithm: updateClipping isOverlap:true, getTopPadding=333.0, Translation=-428.0
03-17 16:13:47.441  2227  2227 I StackScrollAlgorithm: updateDimmedActivatedHideSensitive overlap:true
03-17 16:13:47.448  2227  2227 I PhoneStatusBar: setSystemUiVisibility vis=508 mask=ffffffff oldVal=40000500 newVal=508 diff=40000008 fullscreenStackVis=0 dockedStackVis=0, fullscreenStackBounds=Rect(0, 0 - 720, 1280), dockedStackBounds=Rect(0, 0 - 0, 0)
03-17 16:13:47.449  2227  2227 I PhoneStatusBar: cancelAutohide
03-17 16:13:47.449  2227  2227 I PhoneStatusBar: notifyUiVisibilityChanged:vis=0x508, SystemUiVisibility=0x508
03-17 16:13:47.450  2227  2227 V PhoneStatusBar: setLightsOn(true)
03-17 16:13:47.450  2227  2227 I PhoneStatusBar: setSystemUiVisibility vis=0 mask=1 oldVal=508 newVal=508 diff=0 fullscreenStackVis=0 dockedStackVis=0, fullscreenStackBounds=Rect(0, 0 - 0, 0), dockedStackBounds=Rect(0, 0 - 0, 0)
03-17 16:13:47.460  2227  2227 I StackScrollAlgorithm: overlapAmount:154.0, previousNotificationEnd:0.0, newYTranslation:-154.0, location:4, i:0, getTopPadding:333.0, getLocationOnScreen():-487
03-17 16:13:47.460  2227  2227 I StackScrollAlgorithm: state.clipTopAmount:138, i:0
03-17 16:13:47.460  2227  2227 I StackScrollAlgorithm: updateClipping isOverlap:true, getTopPadding=333.0, Translation=-487.0
03-17 16:13:47.460  2227  2227 I StackScrollAlgorithm: updateDimmedActivatedHideSensitive overlap:true
03-17 16:13:47.471  2227  2227 I StackScrollAlgorithm: overlapAmount:213.0, previousNotificationEnd:0.0, newYTranslation:-213.0, location:4, i:0, getTopPadding:333.0, getLocationOnScreen():-546
03-17 16:13:47.471  2227  2227 I StackScrollAlgorithm: state.clipTopAmount:197, i:0
03-17 16:13:47.471  2227  2227 I StackScrollAlgorithm: updateClipping isOverlap:true, getTopPadding=333.0, Translation=-546.0
03-17 16:13:47.471  2227  2227 I StackScrollAlgorithm: updateDimmedActivatedHideSensitive overlap:true
03-17 16:13:47.489  2227  2227 I PhoneStatusBar: updateNotificationShade: total=0, active=0
03-17 16:13:47.496  2227  2227 I PhoneStatusBar: removeNotificationChildren
03-17 16:13:47.496  2227  2227 I PanelView: onExpandingFinished
03-17 16:13:47.498  2227  2227 I PhoneStatusBar: updateNotificationShade: total=0, active=0
03-17 16:13:47.498  2227  2227 I PhoneStatusBar: removeNotificationChildren
03-17 16:13:47.499  1702  2555 W ActivityManager: Sending non-protected broadcast com.android.systemui.statusbar.visible.change from system 2227:com.android.systemui/u0a37 pkg com.android.systemui
03-17 16:13:47.499  2227  2227 I StackScrollAlgorithm: updateClipping isOverlap:false, getTopPadding=333.0, Translation=0.0
03-17 16:13:47.499  2227  2227 I StackScrollAlgorithm: updateDimmedActivatedHideSensitive overlap:false
03-17 16:13:47.517  1702  8671 D ActivityManager: Skipping, withExcluded: false, tr.intent:Intent { flg=0x10804000 cmp=com.android.systemui/.recents.RecentsActivity bnds=[264,444][920,908] }
03-17 16:13:47.517  1702  8671 D ActivityManager: Skipping, withExcluded: false, tr.intent:Intent { act=android.intent.action.MAIN flg=0x10840000 cmp=com.android.incallui/.InCallActivity (has extras) }
03-17 16:13:47.517  1702  8671 D ActivityManager: Skipping, withExcluded: false, tr.intent:Intent { flg=0x18800000 cmp=com.tencent.mm/.plugin.base.stub.WXEntryActivity (has extras) }
03-17 16:13:47.517  1702  8671 D ActivityManager: Skipping, withExcluded: false, tr.intent:Intent { flg=0x10800000 cmp=com.tencent.qqmusic/.business.lockscreen.LockScreenActivity (has extras) }
03-17 16:13:47.518  1702  8671 D ActivityManager: Skipping, withExcluded: false, tr.intent:Intent { act=com.android.contacts.action.CHOOSE_SUB dat=tel:xxxxxxxxxxx flg=0x10808000 cmp=com.android.contacts/.ChooseSubActivity (has extras) }
03-17 16:13:47.518  1702  8671 D ActivityManager: Skipping, withExcluded: false, tr.intent:Intent { act=android.intent.action.VIEW dat=file:///storage/emulated/0/Tencent/QQfile_recv/b.apk typ=application/vnd.android.package-archive flg=0x10800000 cmp=com.android.packageinstaller/.PackageInstallerActivity (has extras) }
03-17 16:13:47.518  1702  8671 D ActivityManager: getRecentTasks: num=20,flags=62,totalTasks=46
03-17 16:13:47.518  1702  8671 D ActivityManager: getRecentTasks: topActivity=ComponentInfo{com.tencent.mobileqq/com.tencent.mobileqq.activity.SplashActivity}
03-17 16:13:47.525  1702 27353 D PowerManagerService: ready=true,policy=3,wakefulness=1,wksummary=0x1,uasummary=0x1,bootcompleted=true,boostinprogress=false,waitmodeenable=false,mode=false,manual=38,auto=-1,adj=0.0userId=0
03-17 16:13:47.547  1702  3694 D ActivityManager: Skipping, withExcluded: false, tr.intent:Intent { flg=0x10804000 cmp=com.android.systemui/.recents.RecentsActivity bnds=[264,444][920,908] }
03-17 16:13:47.547  1702  3694 D ActivityManager: Skipping, withExcluded: false, tr.intent:Intent { act=android.intent.action.MAIN flg=0x10840000 cmp=com.android.incallui/.InCallActivity (has extras) }
03-17 16:13:47.547  1702  3694 D ActivityManager: Skipping, withExcluded: false, tr.intent:Intent { flg=0x18800000 cmp=com.tencent.mm/.plugin.base.stub.WXEntryActivity (has extras) }
03-17 16:13:47.547  1702  3694 D ActivityManager: getRecentTasks: num=10,flags=62,totalTasks=46
03-17 16:13:47.547  1702  3694 D ActivityManager: getRecentTasks: topActivity=ComponentInfo{com.tencent.mobileqq/com.tencent.mobileqq.activity.SplashActivity}
03-17 16:13:47.578  1702  8671 I NotificationManager: cancelNotificationWithTag pid 28601,uid = 10111,tag = null,pkg =com.tencent.mobileqq,id =121
03-17 16:13:47.578  1702  1702 I NotificationManager: cancelNotification,index:-1
03-17 16:13:47.585  1702 27353 I NotificationManager: cancelNotificationWithTag pid 28601,uid = 10111,tag = null,pkg =com.tencent.mobileqq,id =119
03-17 16:13:47.585  1702  1702 I NotificationManager: cancelNotification,index:-1
03-17 16:13:47.590  1702  2113 I NotificationManager: cancelNotificationWithTag pid 28601,uid = 10111,tag = null,pkg =com.tencent.mobileqq,id =122
03-17 16:13:47.598  2227  2227 V PhoneStatusBar: setLightsOn(true)
03-17 16:13:47.599  2227  2227 I PhoneStatusBar: setSystemUiVisibility vis=0 mask=1 oldVal=508 newVal=508 diff=0 fullscreenStackVis=0 dockedStackVis=0, fullscreenStackBounds=Rect(0, 0 - 0, 0), dockedStackBounds=Rect(0, 0 - 0, 0)
03-17 16:13:47.599  2227  2227 I PhoneStatusBar: setSystemUiVisibility vis=40000500 mask=ffffffff oldVal=508 newVal=40000500 diff=40000008 fullscreenStackVis=0 dockedStackVis=0, fullscreenStackBounds=Rect(0, 0 - 720, 1280), dockedStackBounds=Rect(0, 0 - 0, 0)
03-17 16:13:47.600  2227  2227 I PhoneStatusBar: cancelAutohide
03-17 16:13:47.600  2227  2227 I PhoneStatusBar: notifyUiVisibilityChanged:vis=0x40000500, SystemUiVisibility=0x40000500
03-17 16:13:47.600  2227  2227 D PhoneStatusBar: makeExpandedInvisible: mExpandedVisible=true
03-17 16:13:47.600  2227  2227 I PanelView: closeQs
03-17 16:13:47.601  2227  2227 I PanelView: cancelPeek: false
03-17 16:13:47.601  2227  2227 I PanelView: instantCollapse
03-17 16:13:47.601  2227  2227 I PanelView: cancelPeek: false
03-17 16:13:47.601  2227  2227 I PanelView: closeQs
03-17 16:13:47.602  2227  2227 I PhoneStatusBar: resumeSuspendedAutohide
03-17 16:13:47.603  2227  2227 D PhoneStatusBar: disable: < expand icons* alerts system_info* back home recent clock navigationbar search quick_settings >
03-17 16:13:47.631  1702  2555 I NotificationManager: cancelNotificationWithTag pid 28601,uid = 10111,tag = null,pkg =com.tencent.mobileqq,id =123
03-17 16:13:47.631  1702  1702 I NotificationManager: cancelNotification,index:-1
03-17 16:13:47.632  1702  1702 I NotificationManager: cancelNotification,index:-1
03-17 16:13:47.638  1702  2618 W ActivityManager: getRunningAppProcesses: caller 10111 does not hold REAL_GET_TASKS; limiting output
03-17 16:13:47.640  1702  3697 D PowerManagerService: release:lock=189667585, flg=0x0, tag="*launch*", name=android", ws=WorkSource{10111}, uid=1000, pid=1702
03-17 16:13:47.641  1702  3697 D PowerManagerService: ready=true,policy=3,wakefulness=1,wksummary=0x1,uasummary=0x1,bootcompleted=true,boostinprogress=false,waitmodeenable=false,mode=false,manual=38,auto=-1,adj=0.0userId=0
03-17 16:13:47.650  1702 17630 I NotificationManager: cancelNotificationWithTag pid 28601,uid = 10111,tag = null,pkg =com.tencent.mobileqq,id =129
03-17 16:13:47.651  1702  1702 I NotificationManager: cancelNotification,index:-1
03-17 16:13:47.681  1702  3694 I NotificationManager: cancelNotificationWithTag pid 28601,uid = 10111,tag = null,pkg =com.tencent.mobileqq,id =135
03-17 16:13:47.691  1702  1737 I NotificationManager: cancelNotificationWithTag pid 28601,uid = 10111,tag = null,pkg =com.tencent.mobileqq,id =140
03-17 16:13:47.694  1702 17632 I NotificationManager: cancelNotificationWithTag pid 28601,uid = 10111,tag = null,pkg =com.tencent.mobileqq,id =144
03-17 16:13:47.695  1702  1702 I NotificationManager: cancelNotification,index:-1
03-17 16:13:47.700  1702  1702 I NotificationManager: cancelNotification,index:-1
03-17 16:13:47.700  1702  1702 I NotificationManager: cancelNotification,index:-1
03-17 16:13:47.707  1702 27357 I NotificationManager: cancelNotificationWithTag pid 28601,uid = 10111,tag = null,pkg =com.tencent.mobileqq,id =193
03-17 16:13:47.707  1702  1702 I NotificationManager: cancelNotification,index:-1
03-17 16:13:47.709  1702  2113 D PowerManagerService: ready=true,policy=3,wakefulness=1,wksummary=0x0,uasummary=0x1,bootcompleted=true,boostinprogress=false,waitmodeenable=false,mode=false,manual=38,auto=-1,adj=0.0userId=0
03-17 16:13:47.709  1702  2113 D PowerManagerService: Releasing suspend blocker "PowerManagerService.WakeLocks".
03-17 16:13:47.713  2227  2227 I StackScrollAlgorithm: updateClipping isOverlap:false, getTopPadding=333.0, Translation=0.0
03-17 16:13:47.713  2227  2227 I StackScrollAlgorithm: updateDimmedActivatedHideSensitive overlap:false
03-17 16:13:47.735  2227  2227 V PhoneStatusBar: setLightsOn(true)
03-17 16:13:47.736  2227  2227 I PhoneStatusBar: setSystemUiVisibility vis=0 mask=1 oldVal=40000500 newVal=40000500 diff=0 fullscreenStackVis=0 dockedStackVis=0, fullscreenStackBounds=Rect(0, 0 - 0, 0), dockedStackBounds=Rect(0, 0 - 0, 0)
03-17 16:13:47.743  2227  2794 W KeyguardUpdateMonitor: registerCallback not in UI.
03-17 16:13:47.743  2227  2794 W KeyguardUpdateMonitor: android.util.AndroidRuntimeException: Must execute in UI
03-17 16:13:47.743  2227  2794 V KeyguardUpdateMonitor: *** unregister callback for com.android.systemui.statusbar.policy.KeyguardMonitor@712d093
03-17 16:13:47.810  2227  2227 V PhoneStatusBar: setLightsOn(true)
03-17 16:13:47.811  2227  2227 I PhoneStatusBar: setSystemUiVisibility vis=0 mask=1 oldVal=40000500 newVal=40000500 diff=0 fullscreenStackVis=0 dockedStackVis=0, fullscreenStackBounds=Rect(0, 0 - 0, 0), dockedStackBounds=Rect(0, 0 - 0, 0)
03-17 16:13:47.931  2227  2227 V PhoneStatusBar: setLightsOn(true)
03-17 16:13:47.931  2227  2227 I PhoneStatusBar: setSystemUiVisibility vis=0 mask=1 oldVal=40000500 newVal=40000500 diff=0 fullscreenStackVis=0 dockedStackVis=0, fullscreenStackBounds=Rect(0, 0 - 0, 0), dockedStackBounds=Rect(0, 0 - 0, 0)
03-17 16:13:47.943  2227  2227 V PhoneStatusBar: setLightsOn(true)
03-17 16:13:47.945  2227  2227 I PhoneStatusBar: setSystemUiVisibility vis=0 mask=1 oldVal=40000500 newVal=40000500 diff=0 fullscreenStackVis=0 dockedStackVis=0, fullscreenStackBounds=Rect(0, 0 - 0, 0), dockedStackBounds=Rect(0, 0 - 0, 0)
03-17 16:13:48.009  1702 10454 W ActivityManager: getTasks: caller 10113 does not hold REAL_GET_TASKS; limiting output
03-17 16:13:48.019  2227  2227 V PhoneStatusBar: setLightsOn(true)
03-17 16:13:48.020  2227  2227 I PhoneStatusBar: setSystemUiVisibility vis=0 mask=1 oldVal=40000500 newVal=40000500 diff=0 fullscreenStackVis=0 dockedStackVis=0, fullscreenStackBounds=Rect(0, 0 - 0, 0), dockedStackBounds=Rect(0, 0 - 0, 0)
03-17 16:13:48.032  1702  2639 I WindowManager: Destroying surface Surface(name=com.tencent.qt.qtl/com.tencent.qt.qtl.activity.main.MainTabActivity) called by com.android.server.wm.WindowStateAnimator.destroySurface:2060 com.android.server.wm.WindowStateAnimator.destroySurfaceLocked:913 com.android.server.wm.WindowState.destroyOrSaveSurface:2201 com.android.server.wm.AppWindowToken.destroySurfaces:374 com.android.server.wm.AppWindowToken.notifyAppStopped:400 com.android.server.wm.WindowManagerService.notifyAppStopped:4869 com.android.server.am.ActivityStack.activityStoppedLocked:1393 com.android.server.am.ActivityManagerService.activityStopped:7690 
03-17 16:13:48.552  1702  1820 I DisplayPowerController: HBM brightnessIn =38
03-17 16:13:48.553  1702  1820 I DisplayPowerController: HBM brightnessOut =38
03-17 16:13:48.553  1702  1820 D DisplayPowerController: Animating brightness: target=38, rate=200
03-17 16:13:49.927  1702  2618 W ActivityManager: getTasks: caller 10111 does not hold REAL_GET_TASKS; limiting output
03-17 16:13:50.107 23650 23685 V AudioManager: isMusicActive...
03-17 16:13:50.662 23650 23689 V AudioManager: isMusicActive...
03-17 16:13:50.766  1702  3693 I ActivityManager: Start dump, calling from : pid=12782, uid=1000
03-17 16:13:51.865  1702  1820 I DisplayPowerController: HBM brightnessIn =38
03-17 16:13:51.866  1702  1820 I DisplayPowerController: HBM brightnessOut =38
03-17 16:13:51.866  1702  1820 D DisplayPowerController: Animating brightness: target=38, rate=200
03-17 16:13:54.046  1702 17633 W ActivityManager: getRunningAppProcesses: caller 10113 does not hold REAL_GET_TASKS; limiting output
03-17 16:13:54.640  1702  8289 W ActivityManager: getRunningAppProcesses: caller 10113 does not hold REAL_GET_TASKS; limiting output
03-17 16:13:54.676  1702  2107 W ActivityManager: getRunningAppProcesses: caller 10113 does not hold REAL_GET_TASKS; limiting output
03-17 16:13:54.735  1702  2106 D PowerManagerService: acquire lock=237091223, flags=0x1, tag="WiredAccessoryManager", name=android, ws=null, uid=1000, pid=1702
03-17 16:13:54.736  1702  2106 D PowerManagerService: ready=true,policy=3,wakefulness=1,wksummary=0x1,uasummary=0x1,bootcompleted=true,boostinprogress=false,waitmodeenable=false,mode=false,manual=38,auto=-1,adj=0.0userId=0
03-17 16:13:54.736  1702  2106 D PowerManagerService: Acquiring suspend blocker "PowerManagerService.WakeLocks".
03-17 16:13:54.744  1702  1702 V AudioManager: setWiredDeviceConnectionState  type: -2147483632  state: 0
