03-17 16:13:54.745  1702  1702 D PowerManagerService: acquire lock=86152250, flags=0x1, tag="handleAudioEvent", name=android, ws=null, uid=1000, pid=1702
03-17 16:13:54.745  1702  1702 D PowerManagerService: ready=true,policy=3,wakefulness=1,wksummary=0x1,uasummary=0x1,bootcompleted=true,boostinprogress=false,waitmodeenable=false,mode=false,manual=38,auto=-1,adj=0.0userId=0
03-17 16:13:54.746  1702  1702 V AudioManager: setWiredDeviceConnectionState  type: 4  state: 0
03-17 16:13:54.746  1702  1702 D PowerManagerService: release:lock=237091223, flg=0x0, tag="WiredAccessoryManager", name=android", ws=null, uid=1000, pid=1702
03-17 16:13:54.747  1702  1702 D PowerManagerService: ready=true,policy=3,wakefulness=1,wksummary=0x1,uasummary=0x1,bootcompleted=true,boostinprogress=false,waitmodeenable=false,mode=false,manual=38,auto=-1,adj=0.0userId=0
03-17 16:13:54.754 23650 23689 V AudioManager: isMusicActive...
03-17 16:13:54.877  1702 27357 D ActivityManager: ActivityManagerService,attachApplication,callingPid = 12787
03-17 16:13:55.046  1702  2395 W ActivityManager: getRunningAppProcesses: caller 10111 does not hold REAL_GET_TASKS; limiting output
03-17 16:13:55.172  1702  1820 I DisplayPowerController: HBM brightnessIn =38
03-17 16:13:55.173  1702  1820 I DisplayPowerController: HBM brightnessOut =38
03-17 16:13:55.173  1702  1820 D DisplayPowerController: Animating brightness: target=38, rate=200
03-17 16:13:55.783  1702  2113 D PowerManagerService: acquire lock=219829192, flags=0x1, tag="AudioMix", name=audioserver, ws=null, uid=1041, pid=0
03-17 16:13:55.784  1702  2113 D PowerManagerService: ready=true,policy=3,wakefulness=1,wksummary=0x1,uasummary=0x1,bootcompleted=true,boostinprogress=false,waitmodeenable=false,mode=false,manual=38,auto=-1,adj=0.0userId=0
03-17 16:13:55.791  1702  2153 D PowerManagerService: release:lock=86152250, flg=0x0, tag="handleAudioEvent", name=android", ws=null, uid=1000, pid=1702
03-17 16:13:55.793  1702  2153 D PowerManagerService: ready=true,policy=3,wakefulness=1,wksummary=0x1,uasummary=0x1,bootcompleted=true,boostinprogress=false,waitmodeenable=false,mode=false,manual=38,auto=-1,adj=0.0userId=0
03-17 16:13:55.800 28601 28601 V AudioManager: isBluetoothA2dpOn...
03-17 16:13:55.804 23650 23689 V AudioManager: isMusicActive...
03-17 16:13:55.813 28601 28601 V AudioManager: isBluetoothScoOn...
03-17 16:13:55.821  2227  2514 V AudioManager: getLastAudibleStreamVolume  treamType: 0
03-17 16:13:55.827  1702 17632 D PowerManagerService: ready=true,policy=3,wakefulness=1,wksummary=0x1,uasummary=0x1,bootcompleted=true,boostinprogress=false,waitmodeenable=false,mode=false,manual=38,auto=-1,adj=0.0userId=0
03-17 16:13:55.832  1702  1702 D PowerManagerService: ready=true,policy=3,wakefulness=1,wksummary=0x1,uasummary=0x1,bootcompleted=true,boostinprogress=false,waitmodeenable=false,mode=false,manual=38,auto=-1,adj=0.0userId=0
03-17 16:13:55.834  1702  1702 I NotificationManager: cancelNotification,index:-1
03-17 16:13:55.836  1702 10454 W ActivityManager: getRunningAppProcesses: caller 10091 does not hold REAL_GET_TASKS; limiting output
03-17 16:13:55.838  1702  3137 W ActivityManager: getRunningAppProcesses: caller 10091 does not hold REAL_GET_TASKS; limiting output
03-17 16:13:55.839  1702  2639 D PowerManagerService: ready=true,policy=3,wakefulness=1,wksummary=0x1,uasummary=0x1,bootcompleted=true,boostinprogress=false,waitmodeenable=false,mode=false,manual=38,auto=-1,adj=0.0userId=0
03-17 16:13:55.867  1702  3693 W ActivityManager: getRunningAppProcesses: caller 10091 does not hold REAL_GET_TASKS; limiting output
03-17 16:13:55.869  1702 14640 W ActivityManager: getRunningAppProcesses: caller 10091 does not hold REAL_GET_TASKS; limiting output
03-17 16:13:55.875  1702  2250 W ActivityManager: getRunningAppProcesses: caller 10091 does not hold REAL_GET_TASKS; limiting output
03-17 16:13:55.879  2227  2514 V AudioManager: getLastAudibleStreamVolume  treamType: 1
03-17 16:13:55.882  2227  2514 V AudioManager: getLastAudibleStreamVolume  treamType: 2
03-17 16:13:55.883  1702 27353 W ActivityManager: getRunningAppProcesses: caller 10091 does not hold REAL_GET_TASKS; limiting output
03-17 16:13:55.885  1702  2395 D PowerManagerService: ready=true,policy=3,wakefulness=1,wksummary=0x1,uasummary=0x1,bootcompleted=true,boostinprogress=false,waitmodeenable=false,mode=false,manual=38,auto=-1,adj=0.0userId=0
03-17 16:13:55.889  2227  2514 V AudioManager: getDevicesForStream  streamType: 3
03-17 16:13:55.891  2227  2514 V AudioManager: getLastAudibleStreamVolume  treamType: 3
03-17 16:13:55.893  2227  2514 V AudioManager: getDevicesForStream  streamType: 3
03-17 16:13:55.894  1702  2639 W ActivityManager: getRunningAppProcesses: caller 10091 does not hold REAL_GET_TASKS; limiting output
03-17 16:13:55.896  1702  2113 W ActivityManager: getRunningAppProcesses: caller 10091 does not hold REAL_GET_TASKS; limiting output
03-17 16:13:55.896  2227  2514 V AudioManager: getLastAudibleStreamVolume  treamType: 4
03-17 16:13:55.899  2227  2514 V AudioManager: getLastAudibleStreamVolume  treamType: 5
03-17 16:13:55.904  2227  2514 V AudioManager: getLastAudibleStreamVolume  treamType: 6
03-17 16:13:55.906  2227  2514 V AudioManager: getLastAudibleStreamVolume  treamType: 7
03-17 16:13:55.921  2227  2514 V AudioManager: getLastAudibleStreamVolume  treamType: 8
03-17 16:13:55.937  1702  1737 D ActivityManager: cleanUpApplicationRecord -- 12025
03-17 16:13:55.937  1702  1737 I ActivityManager: cleanUpApplicationRecordLocked, pid: 12025, restart: false
03-17 16:13:55.938  1702  1737 I ActivityManager: cleanUpApplicationRecordLocked, reset pid: 12025, euid: 0
03-17 16:13:55.940  1702  2639 I DisplayManagerService: stopWifiDisplayScanLocked record.mWifiDisplayScanRequested=false
03-17 16:13:55.940  1702  2639 I DisplayManagerService: stopWifiDisplayScanLocked mWifiDisplayScanRequestCount=0
03-17 16:13:55.941 30852 30852 V AudioManager: getMode...
03-17 16:13:55.944 30852 30852 V AudioManager: setSpeakerphoneOn  on: true
03-17 16:13:55.948 30852 30852 I AudioManager: setSpeakerphoneOn on:true
03-17 16:13:56.080  1702 17621 W ActivityManager: getRunningAppProcesses: caller 10091 does not hold REAL_GET_TASKS; limiting output
03-17 16:13:56.177  1702  2644 W ActivityManager: getRunningAppProcesses: caller 10113 does not hold REAL_GET_TASKS; limiting output
03-17 16:13:56.261  1702  1737 W ActivityManager: getRunningAppProcesses: caller 10091 does not hold REAL_GET_TASKS; limiting output
03-17 16:13:58.485  1702  1820 I DisplayPowerController: HBM brightnessIn =38
03-17 16:13:58.485  1702  1820 I DisplayPowerController: HBM brightnessOut =38
03-17 16:13:58.485  1702  1820 D DisplayPowerController: Animating brightness: target=38, rate=200
03-17 16:13:58.796  1702  8303 D PowerManagerService: release:lock=219829192, flg=0x0, tag="AudioMix", name=audioserver", ws=null, uid=1041, pid=0
03-17 16:13:58.797  1702  8303 D PowerManagerService: ready=true,policy=3,wakefulness=1,wksummary=0x0,uasummary=0x1,bootcompleted=true,boostinprogress=false,waitmodeenable=false,mode=false,manual=38,auto=-1,adj=0.0userId=0
03-17 16:13:58.797  1702  8303 D PowerManagerService: Releasing suspend blocker "PowerManagerService.WakeLocks".
03-17 16:14:00.001  1702  2096 I AlarmManager: sending alarm Alarm{aa90550 type 3 when 509142332 PendingIntent{1749923: PendingIntentRecord{9600e20 android broadcastIntent}}},repeatInterval = 0,listenerTag =time_tick
03-17 16:14:00.002  1702  2096 D PowerManagerService: ready=true,policy=3,wakefulness=1,wksummary=0x1,uasummary=0x1,bootcompleted=true,boostinprogress=false,waitmodeenable=false,mode=false,manual=38,auto=-1,adj=0.0userId=0
03-17 16:14:00.002  1702  2096 D PowerManagerService: Acquiring suspend blocker "PowerManagerService.WakeLocks".
03-17 16:14:00.003  1702  1702 V AlarmManager: Received TIME_TICK alarm; rescheduling
03-17 16:14:00.004  1702  1702 I AlarmManager: scheduleTimeTickEvent triggerAtTime = 509202333
03-17 16:14:00.022  2227  2227 I StackScrollAlgorithm: updateClipping isOverlap:false, getTopPadding=333.0, Translation=0.0
03-17 16:14:00.022  2227  2227 I StackScrollAlgorithm: updateDimmedActivatedHideSensitive overlap:false
03-17 16:14:00.039  2227  2227 I StackScrollAlgorithm: updateClipping isOverlap:false, getTopPadding=333.0, Translation=0.0
03-17 16:14:00.039  2227  2227 I StackScrollAlgorithm: updateDimmedActivatedHideSensitive overlap:false
03-17 16:14:00.049  2227  2227 D KeyguardUpdateMonitor: received broadcast android.intent.action.TIME_TICK
03-17 16:14:00.050  2227  2227 D KeyguardUpdateMonitor: handleTimeUpdate
03-17 16:14:00.349  1702  1702 D PowerManagerService: ready=true,policy=3,wakefulness=1,wksummary=0x0,uasummary=0x1,bootcompleted=true,boostinprogress=false,waitmodeenable=false,mode=false,manual=38,auto=-1,adj=0.0userId=0
03-17 16:14:00.349  1702  1702 D PowerManagerService: Releasing suspend blocker "PowerManagerService.WakeLocks".
03-17 16:14:01.800  1702  2105 D PowerManagerService: userActivityNoUpdateLocked: eventTime=261866434, event=2, flags=0x0, uid=1000
03-17 16:14:01.801  1702  2105 D PowerManagerService: ready=true,policy=3,wakefulness=1,wksummary=0x0,uasummary=0x1,bootcompleted=true,boostinprogress=false,waitmodeenable=false,mode=false,manual=38,auto=-1,adj=0.0userId=0
03-17 16:14:01.964  2227  2227 V PhoneStatusBar: setLightsOn(true)
03-17 16:14:01.964  2227  2227 I PhoneStatusBar: setSystemUiVisibility vis=0 mask=1 oldVal=40000500 newVal=40000500 diff=0 fullscreenStackVis=0 dockedStackVis=0, fullscreenStackBounds=Rect(0, 0 - 0, 0), dockedStackBounds=Rect(0, 0 - 0, 0)
03-17 16:14:01.978  2227  2227 V PhoneStatusBar: setLightsOn(true)
03-17 16:14:01.978  2227  2227 I PhoneStatusBar: setSystemUiVisibility vis=0 mask=1 oldVal=40000500 newVal=40000500 diff=0 fullscreenStackVis=0 dockedStackVis=0, fullscreenStackBounds=Rect(0, 0 - 0, 0), dockedStackBounds=Rect(0, 0 - 0, 0)
03-17 16:14:02.045  2227  2227 V PhoneStatusBar: setLightsOn(true)
03-17 16:14:02.045  2227  2227 I PhoneStatusBar: setSystemUiVisibility vis=0 mask=1 oldVal=40000500 newVal=40000500 diff=0 fullscreenStackVis=0 dockedStackVis=0, fullscreenStackBounds=Rect(0, 0 - 0, 0), dockedStackBounds=Rect(0, 0 - 0, 0)
03-17 16:14:02.056  2227  2227 V PhoneStatusBar: setLightsOn(true)
03-17 16:14:02.057  2227  2227 I PhoneStatusBar: setSystemUiVisibility vis=0 mask=1 oldVal=40000500 newVal=40000500 diff=0 fullscreenStackVis=0 dockedStackVis=0, fullscreenStackBounds=Rect(0, 0 - 0, 0), dockedStackBounds=Rect(0, 0 - 0, 0)
03-17 16:14:02.066  2227  2227 V PhoneStatusBar: setLightsOn(true)
03-17 16:14:02.066  2227  2227 I PhoneStatusBar: setSystemUiVisibility vis=0 mask=1 oldVal=40000500 newVal=40000500 diff=0 fullscreenStackVis=0 dockedStackVis=0, fullscreenStackBounds=Rect(0, 0 - 0, 0), dockedStackBounds=Rect(0, 0 - 0, 0)
03-17 16:14:02.080  2227  2227 V PhoneStatusBar: setLightsOn(true)
03-17 16:14:02.080  2227  2227 I PhoneStatusBar: setSystemUiVisibility vis=0 mask=1 oldVal=40000500 newVal=40000500 diff=0 fullscreenStackVis=0 dockedStackVis=0, fullscreenStackBounds=Rect(0, 0 - 0, 0), dockedStackBounds=Rect(0, 0 - 0, 0)
03-17 16:14:02.090  2227  2227 V PhoneStatusBar: setLightsOn(true)
03-17 16:14:02.090  2227  2227 I PhoneStatusBar: setSystemUiVisibility vis=0 mask=1 oldVal=40000500 newVal=40000500 diff=0 fullscreenStackVis=0 dockedStackVis=0, fullscreenStackBounds=Rect(0, 0 - 0, 0), dockedStackBounds=Rect(0, 0 - 0, 0)
03-17 16:14:02.107  2227  2227 V PhoneStatusBar: setLightsOn(true)
03-17 16:14:02.107  2227  2227 I PhoneStatusBar: setSystemUiVisibility vis=0 mask=1 oldVal=40000500 newVal=40000500 diff=0 fullscreenStackVis=0 dockedStackVis=0, fullscreenStackBounds=Rect(0, 0 - 0, 0), dockedStackBounds=Rect(0, 0 - 0, 0)
03-17 16:14:02.121  2227  2227 V PhoneStatusBar: setLightsOn(true)
03-17 16:14:02.122  2227  2227 I PhoneStatusBar: setSystemUiVisibility vis=0 mask=1 oldVal=40000500 newVal=40000500 diff=0 fullscreenStackVis=0 dockedStackVis=0, fullscreenStackBounds=Rect(0, 0 - 0, 0), dockedStackBounds=Rect(0, 0 - 0, 0)
03-17 16:14:02.136  2227  2227 V PhoneStatusBar: setLightsOn(true)
03-17 16:14:02.136  2227  2227 I PhoneStatusBar: setSystemUiVisibility vis=0 mask=1 oldVal=40000500 newVal=40000500 diff=0 fullscreenStackVis=0 dockedStackVis=0, fullscreenStackBounds=Rect(0, 0 - 0, 0), dockedStackBounds=Rect(0, 0 - 0, 0)
03-17 16:14:02.147  2227  2227 V PhoneStatusBar: setLightsOn(true)
03-17 16:14:02.148  2227  2227 I PhoneStatusBar: setSystemUiVisibility vis=0 mask=1 oldVal=40000500 newVal=40000500 diff=0 fullscreenStackVis=0 dockedStackVis=0, fullscreenStackBounds=Rect(0, 0 - 0, 0), dockedStackBounds=Rect(0, 0 - 0, 0)
03-17 16:14:02.155  2227  2227 V PhoneStatusBar: setLightsOn(true)
03-17 16:14:02.156  2227  2227 I PhoneStatusBar: setSystemUiVisibility vis=0 mask=1 oldVal=40000500 newVal=40000500 diff=0 fullscreenStackVis=0 dockedStackVis=0, fullscreenStackBounds=Rect(0, 0 - 0, 0), dockedStackBounds=Rect(0, 0 - 0, 0)
03-17 16:14:02.164  2227  2227 V PhoneStatusBar: setLightsOn(true)
03-17 16:14:02.164  2227  2227 I PhoneStatusBar: setSystemUiVisibility vis=0 mask=1 oldVal=40000500 newVal=40000500 diff=0 fullscreenStackVis=0 dockedStackVis=0, fullscreenStackBounds=Rect(0, 0 - 0, 0), dockedStackBounds=Rect(0, 0 - 0, 0)
03-17 16:14:02.181  2227  2227 V PhoneStatusBar: setLightsOn(true)
03-17 16:14:02.182  2227  2227 I PhoneStatusBar: setSystemUiVisibility vis=0 mask=1 oldVal=40000500 newVal=40000500 diff=0 fullscreenStackVis=0 dockedStackVis=0, fullscreenStackBounds=Rect(0, 0 - 0, 0), dockedStackBounds=Rect(0, 0 - 0, 0)
03-17 16:14:02.195  2227  2227 V PhoneStatusBar: setLightsOn(true)
03-17 16:14:02.195  2227  2227 I PhoneStatusBar: setSystemUiVisibility vis=0 mask=1 oldVal=40000500 newVal=40000500 diff=0 fullscreenStackVis=0 dockedStackVis=0, fullscreenStackBounds=Rect(0, 0 - 0, 0), dockedStackBounds=Rect(0, 0 - 0, 0)
03-17 16:14:02.213  2227  2227 V PhoneStatusBar: setLightsOn(true)
03-17 16:14:02.214  2227  2227 I PhoneStatusBar: setSystemUiVisibility vis=0 mask=1 oldVal=40000500 newVal=40000500 diff=0 fullscreenStackVis=0 dockedStackVis=0, fullscreenStackBounds=Rect(0, 0 - 0, 0), dockedStackBounds=Rect(0, 0 - 0, 0)
03-17 16:14:02.602  1702  2105 D PowerManagerService: userActivityNoUpdateLocked: eventTime=261867236, event=2, flags=0x0, uid=1000
03-17 16:14:02.603  1702  2105 D PowerManagerService: ready=true,policy=3,wakefulness=1,wksummary=0x0,uasummary=0x1,bootcompleted=true,boostinprogress=false,waitmodeenable=false,mode=false,manual=38,auto=-1,adj=0.0userId=0
03-17 16:14:02.765  2227  2227 V PhoneStatusBar: setLightsOn(true)
03-17 16:14:02.765  2227  2227 I PhoneStatusBar: setSystemUiVisibility vis=0 mask=1 oldVal=40000500 newVal=40000500 diff=0 fullscreenStackVis=0 dockedStackVis=0, fullscreenStackBounds=Rect(0, 0 - 0, 0), dockedStackBounds=Rect(0, 0 - 0, 0)
03-17 16:14:02.781  2227  2227 V PhoneStatusBar: setLightsOn(true)
03-17 16:14:02.781  2227  2227 I PhoneStatusBar: setSystemUiVisibility vis=0 mask=1 oldVal=40000500 newVal=40000500 diff=0 fullscreenStackVis=0 dockedStackVis=0, fullscreenStackBounds=Rect(0, 0 - 0, 0), dockedStackBounds=Rect(0, 0 - 0, 0)
03-17 16:14:02.818  2227  2227 V PhoneStatusBar: setLightsOn(true)
03-17 16:14:02.818  2227  2227 I PhoneStatusBar: setSystemUiVisibility vis=0 mask=1 oldVal=40000500 newVal=40000500 diff=0 fullscreenStackVis=0 dockedStackVis=0, fullscreenStackBounds=Rect(0, 0 - 0, 0), dockedStackBounds=Rect(0, 0 - 0, 0)
03-17 16:14:02.833  2227  2227 V PhoneStatusBar: setLightsOn(true)
03-17 16:14:02.834  2227  2227 I PhoneStatusBar: setSystemUiVisibility vis=0 mask=1 oldVal=40000500 newVal=40000500 diff=0 fullscreenStackVis=0 dockedStackVis=0, fullscreenStackBounds=Rect(0, 0 - 0, 0), dockedStackBounds=Rect(0, 0 - 0, 0)
03-17 16:14:02.913  2227  2227 V PhoneStatusBar: setLightsOn(true)
03-17 16:14:02.913  2227  2227 I PhoneStatusBar: setSystemUiVisibility vis=0 mask=1 oldVal=40000500 newVal=40000500 diff=0 fullscreenStackVis=0 dockedStackVis=0, fullscreenStackBounds=Rect(0, 0 - 0, 0), dockedStackBounds=Rect(0, 0 - 0, 0)
03-17 16:14:02.932  2227  2227 V PhoneStatusBar: setLightsOn(true)
03-17 16:14:02.933  2227  2227 I PhoneStatusBar: setSystemUiVisibility vis=0 mask=1 oldVal=40000500 newVal=40000500 diff=0 fullscreenStackVis=0 dockedStackVis=0, fullscreenStackBounds=Rect(0, 0 - 0, 0), dockedStackBounds=Rect(0, 0 - 0, 0)
03-17 16:14:03.115  2227  2227 V PhoneStatusBar: setLightsOn(true)
03-17 16:14:03.116  2227  2227 I PhoneStatusBar: setSystemUiVisibility vis=0 mask=1 oldVal=40000500 newVal=40000500 diff=0 fullscreenStackVis=0 dockedStackVis=0, fullscreenStackBounds=Rect(0, 0 - 0, 0), dockedStackBounds=Rect(0, 0 - 0, 0)
03-17 16:14:03.133  2227  2227 V PhoneStatusBar: setLightsOn(true)
03-17 16:14:03.134  2227  2227 I PhoneStatusBar: setSystemUiVisibility vis=0 mask=1 oldVal=40000500 newVal=40000500 diff=0 fullscreenStackVis=0 dockedStackVis=0, fullscreenStackBounds=Rect(0, 0 - 0, 0), dockedStackBounds=Rect(0, 0 - 0, 0)
03-17 16:14:03.219  1702  2105 D PowerManagerService: userActivityNoUpdateLocked: eventTime=261867854, event=2, flags=0x0, uid=1000
03-17 16:14:03.220  1702  2105 D PowerManagerService: ready=true,policy=3,wakefulness=1,wksummary=0x0,uasummary=0x1,bootcompleted=true,boostinprogress=false,waitmodeenable=false,mode=false,manual=38,auto=-1,adj=0.0userId=0
03-17 16:14:03.281  2227  2227 V PhoneStatusBar: setLightsOn(true)
03-17 16:14:03.281  2227  2227 I PhoneStatusBar: setSystemUiVisibility vis=0 mask=1 oldVal=40000500 newVal=40000500 diff=0 fullscreenStackVis=0 dockedStackVis=0, fullscreenStackBounds=Rect(0, 0 - 0, 0), dockedStackBounds=Rect(0, 0 - 0, 0)
03-17 16:14:03.294  1702  1820 I DisplayPowerController: HBM brightnessIn =38
03-17 16:14:03.294  1702  1820 I DisplayPowerController: HBM brightnessOut =38
03-17 16:14:03.294  1702  1820 D DisplayPowerController: Animating brightness: target=38, rate=200
03-17 16:14:03.306  2227  2227 V PhoneStatusBar: setLightsOn(true)
03-17 16:14:03.307  2227  2227 I PhoneStatusBar: setSystemUiVisibility vis=0 mask=1 oldVal=40000500 newVal=40000500 diff=0 fullscreenStackVis=0 dockedStackVis=0, fullscreenStackBounds=Rect(0, 0 - 0, 0), dockedStackBounds=Rect(0, 0 - 0, 0)
03-17 16:14:03.671  1702  2639 W ActivityManager: getRunningAppProcesses: caller 10091 does not hold REAL_GET_TASKS; limiting output
03-17 16:14:03.691  1702 27357 W ActivityManager: getRunningAppProcesses: caller 10091 does not hold REAL_GET_TASKS; limiting output
03-17 16:14:03.871  1702  2105 D PowerManagerService: userActivityNoUpdateLocked: eventTime=261868506, event=2, flags=0x0, uid=1000
03-17 16:14:03.872  1702  2105 D PowerManagerService: ready=true,policy=3,wakefulness=1,wksummary=0x0,uasummary=0x1,bootcompleted=true,boostinprogress=false,waitmodeenable=false,mode=false,manual=38,auto=-1,adj=0.0userId=0
03-17 16:14:04.010  2227  2227 V PhoneStatusBar: setLightsOn(true)
03-17 16:14:04.010  2227  2227 I PhoneStatusBar: setSystemUiVisibility vis=0 mask=1 oldVal=40000500 newVal=40000500 diff=0 fullscreenStackVis=0 dockedStackVis=0, fullscreenStackBounds=Rect(0, 0 - 0, 0), dockedStackBounds=Rect(0, 0 - 0, 0)
03-17 16:14:04.307 28601 28601 V AudioManager: playSoundEffect   effectType: 0
03-17 16:14:04.307 28601 28601 V AudioManager: querySoundEffectsEnabled...
03-17 16:14:04.310  1702 14638 W ActivityManager: getRunningAppProcesses: caller 10111 does not hold REAL_GET_TASKS; limiting output
03-17 16:14:04.319  1702  2555 I WindowManager: Destroying surface Surface(name=PopupWindow:9b04807) called by com.android.server.wm.WindowStateAnimator.destroySurface:2060 com.android.server.wm.WindowStateAnimator.destroySurfaceLocked:913 com.android.server.wm.WindowState.removeLocked:1554 com.android.server.wm.WindowManagerService.removeWindowInnerLocked:2739 com.android.server.wm.WindowManagerService.removeWindowInnerLocked:2702 com.android.server.wm.WindowManagerService.removeWindowLocked:2691 com.android.server.wm.WindowManagerService.removeWindowLocked:2560 com.android.server.wm.WindowManagerService.removeWindow:2555 
03-17 16:14:04.326  2227  2227 V PhoneStatusBar: setLightsOn(true)
03-17 16:14:04.327  2227  2227 I PhoneStatusBar: setSystemUiVisibility vis=0 mask=1 oldVal=40000500 newVal=40000500 diff=0 fullscreenStackVis=0 dockedStackVis=0, fullscreenStackBounds=Rect(0, 0 - 0, 0), dockedStackBounds=Rect(0, 0 - 0, 0)
03-17 16:14:04.356  1702  2618 W ActivityManager: getRunningAppProcesses: caller 10111 does not hold REAL_GET_TASKS; limiting output
03-17 16:14:04.360  1702  1736 I WindowManager: Destroying surface Surface(name=PopupWindow:317e46) called by com.android.server.wm.WindowStateAnimator.destroySurface:2060 com.android.server.wm.WindowStateAnimator.destroySurfaceLocked:913 com.android.server.wm.WindowState.removeLocked:1554 com.android.server.wm.WindowManagerService.removeWindowInnerLocked:2739 com.android.server.wm.WindowManagerService.removeWindowInnerLocked:2702 com.android.server.wm.WindowManagerService.removeWindowLocked:2691 com.android.server.wm.WindowManagerService.removeWindowLocked:2560 com.android.server.wm.WindowManagerService.removeWindow:2555 
03-17 16:14:04.364  2227  2227 V PhoneStatusBar: setLightsOn(true)
03-17 16:14:04.364  2227  2227 I PhoneStatusBar: setSystemUiVisibility vis=0 mask=1 oldVal=40000500 newVal=40000500 diff=0 fullscreenStackVis=0 dockedStackVis=0, fullscreenStackBounds=Rect(0, 0 - 0, 0), dockedStackBounds=Rect(0, 0 - 0, 0)
03-17 16:14:04.439  2227  2227 V PhoneStatusBar: setLightsOn(true)
03-17 16:14:04.439  2227  2227 I PhoneStatusBar: setSystemUiVisibility vis=0 mask=1 oldVal=40000500 newVal=40000500 diff=0 fullscreenStackVis=0 dockedStackVis=0, fullscreenStackBounds=Rect(0, 0 - 0, 0), dockedStackBounds=Rect(0, 0 - 0, 0)
03-17 16:14:04.450  2227  2227 V PhoneStatusBar: setLightsOn(true)
03-17 16:14:04.451  2227  2227 I PhoneStatusBar: setSystemUiVisibility vis=0 mask=1 oldVal=40000500 newVal=40000500 diff=0 fullscreenStackVis=0 dockedStackVis=0, fullscreenStackBounds=Rect(0, 0 - 0, 0), dockedStackBounds=Rect(0, 0 - 0, 0)
03-17 16:14:04.484  2227  2227 V PhoneStatusBar: setLightsOn(true)
03-17 16:14:04.484  2227  2227 I PhoneStatusBar: setSystemUiVisibility vis=0 mask=1 oldVal=40000500 newVal=40000500 diff=0 fullscreenStackVis=0 dockedStackVis=0, fullscreenStackBounds=Rect(0, 0 - 0, 0), dockedStackBounds=Rect(0, 0 - 0, 0)
03-17 16:14:04.504  2227  2227 V PhoneStatusBar: setLightsOn(true)
03-17 16:14:04.505  2227  2227 I PhoneStatusBar: setSystemUiVisibility vis=0 mask=1 oldVal=40000500 newVal=40000500 diff=0 fullscreenStackVis=0 dockedStackVis=0, fullscreenStackBounds=Rect(0, 0 - 0, 0), dockedStackBounds=Rect(0, 0 - 0, 0)
03-17 16:14:04.932  1702 27357 W ActivityManager: getTasks: caller 10111 does not hold REAL_GET_TASKS; limiting output
03-17 16:14:04.938  1702  3693 W ActivityManager: getTasks: caller 10111 does not hold REAL_GET_TASKS; limiting output
03-17 16:14:04.943  1702 17622 W ActivityManager: getTasks: caller 10111 does not hold REAL_GET_TASKS; limiting output
03-17 16:14:04.947  1702  3137 W ActivityManager: getTasks: caller 10111 does not hold REAL_GET_TASKS; limiting output
03-17 16:14:04.950  1702 14640 W ActivityManager: getTasks: caller 10111 does not hold REAL_GET_TASKS; limiting output
03-17 16:14:05.038  1702  8671 W ActivityManager: getRunningAppProcesses: caller 10111 does not hold REAL_GET_TASKS; limiting output
03-17 16:14:05.460  1702  2105 D PowerManagerService: userActivityNoUpdateLocked: eventTime=261870094, event=2, flags=0x0, uid=1000
03-17 16:14:05.461  1702  2105 D PowerManagerService: ready=true,policy=3,wakefulness=1,wksummary=0x0,uasummary=0x1,bootcompleted=true,boostinprogress=false,waitmodeenable=false,mode=false,manual=38,auto=-1,adj=0.0userId=0
03-17 16:14:05.557  2227  2227 V PhoneStatusBar: setLightsOn(true)
03-17 16:14:05.557  2227  2227 I PhoneStatusBar: setSystemUiVisibility vis=0 mask=1 oldVal=40000500 newVal=40000500 diff=0 fullscreenStackVis=0 dockedStackVis=0, fullscreenStackBounds=Rect(0, 0 - 0, 0), dockedStackBounds=Rect(0, 0 - 0, 0)
03-17 16:14:05.571  2227  2227 V PhoneStatusBar: setLightsOn(true)
03-17 16:14:05.572  2227  2227 I PhoneStatusBar: setSystemUiVisibility vis=0 mask=1 oldVal=40000500 newVal=40000500 diff=0 fullscreenStackVis=0 dockedStackVis=0, fullscreenStackBounds=Rect(0, 0 - 0, 0), dockedStackBounds=Rect(0, 0 - 0, 0)
03-17 16:14:05.616  2227  2227 V PhoneStatusBar: setLightsOn(true)
03-17 16:14:05.616  2227  2227 I PhoneStatusBar: setSystemUiVisibility vis=0 mask=1 oldVal=40000500 newVal=40000500 diff=0 fullscreenStackVis=0 dockedStackVis=0, fullscreenStackBounds=Rect(0, 0 - 0, 0), dockedStackBounds=Rect(0, 0 - 0, 0)
03-17 16:14:05.642  2227  2227 V PhoneStatusBar: setLightsOn(true)
03-17 16:14:05.643  2227  2227 I PhoneStatusBar: setSystemUiVisibility vis=0 mask=1 oldVal=40000500 newVal=40000500 diff=0 fullscreenStackVis=0 dockedStackVis=0, fullscreenStackBounds=Rect(0, 0 - 0, 0), dockedStackBounds=Rect(0, 0 - 0, 0)
03-17 16:14:05.705  2227  2227 V PhoneStatusBar: setLightsOn(true)
03-17 16:14:05.706  2227  2227 I PhoneStatusBar: setSystemUiVisibility vis=0 mask=1 oldVal=40000500 newVal=40000500 diff=0 fullscreenStackVis=0 dockedStackVis=0, fullscreenStackBounds=Rect(0, 0 - 0, 0), dockedStackBounds=Rect(0, 0 - 0, 0)
03-17 16:14:05.724  2227  2227 V PhoneStatusBar: setLightsOn(true)
03-17 16:14:05.724  2227  2227 I PhoneStatusBar: setSystemUiVisibility vis=0 mask=1 oldVal=40000500 newVal=40000500 diff=0 fullscreenStackVis=0 dockedStackVis=0, fullscreenStackBounds=Rect(0, 0 - 0, 0), dockedStackBounds=Rect(0, 0 - 0, 0)
03-17 16:14:05.848  2227  2227 V PhoneStatusBar: setLightsOn(true)
03-17 16:14:05.849  2227  2227 I PhoneStatusBar: setSystemUiVisibility vis=0 mask=1 oldVal=40000500 newVal=40000500 diff=0 fullscreenStackVis=0 dockedStackVis=0, fullscreenStackBounds=Rect(0, 0 - 0, 0), dockedStackBounds=Rect(0, 0 - 0, 0)
03-17 16:14:05.871  2227  2227 V PhoneStatusBar: setLightsOn(true)
03-17 16:14:05.872  2227  2227 I PhoneStatusBar: setSystemUiVisibility vis=0 mask=1 oldVal=40000500 newVal=40000500 diff=0 fullscreenStackVis=0 dockedStackVis=0, fullscreenStackBounds=Rect(0, 0 - 0, 0), dockedStackBounds=Rect(0, 0 - 0, 0)
03-17 16:14:05.956  2227  2227 V PhoneStatusBar: setLightsOn(true)
03-17 16:14:05.957  2227  2227 I PhoneStatusBar: setSystemUiVisibility vis=0 mask=1 oldVal=40000500 newVal=40000500 diff=0 fullscreenStackVis=0 dockedStackVis=0, fullscreenStackBounds=Rect(0, 0 - 0, 0), dockedStackBounds=Rect(0, 0 - 0, 0)
03-17 16:14:05.971  2227  2227 V PhoneStatusBar: setLightsOn(true)
03-17 16:14:05.972  2227  2227 I PhoneStatusBar: setSystemUiVisibility vis=0 mask=1 oldVal=40000500 newVal=40000500 diff=0 fullscreenStackVis=0 dockedStackVis=0, fullscreenStackBounds=Rect(0, 0 - 0, 0), dockedStackBounds=Rect(0, 0 - 0, 0)
03-17 16:14:05.979  1702  2105 D PowerManagerService: userActivityNoUpdateLocked: eventTime=261870612, event=2, flags=0x0, uid=1000
03-17 16:14:05.979  1702  2105 D PowerManagerService: ready=true,policy=3,wakefulness=1,wksummary=0x0,uasummary=0x1,bootcompleted=true,boostinprogress=false,waitmodeenable=false,mode=false,manual=38,auto=-1,adj=0.0userId=0
03-17 16:14:06.010  1702  1820 I DisplayPowerController: HBM brightnessIn =38
03-17 16:14:06.010  1702  1820 I DisplayPowerController: HBM brightnessOut =38
03-17 16:14:06.010  1702  1820 D DisplayPowerController: Animating brightness: target=38, rate=200
03-17 16:14:06.043  2227  2227 V PhoneStatusBar: setLightsOn(true)
03-17 16:14:06.044  2227  2227 I PhoneStatusBar: setSystemUiVisibility vis=0 mask=1 oldVal=40000500 newVal=40000500 diff=0 fullscreenStackVis=0 dockedStackVis=0, fullscreenStackBounds=Rect(0, 0 - 0, 0), dockedStackBounds=Rect(0, 0 - 0, 0)
03-17 16:14:06.057  2227  2227 V PhoneStatusBar: setLightsOn(true)
03-17 16:14:06.057  2227  2227 I PhoneStatusBar: setSystemUiVisibility vis=0 mask=1 oldVal=40000500 newVal=40000500 diff=0 fullscreenStackVis=0 dockedStackVis=0, fullscreenStackBounds=Rect(0, 0 - 0, 0), dockedStackBounds=Rect(0, 0 - 0, 0)
03-17 16:14:06.064  2227  2227 V PhoneStatusBar: setLightsOn(true)
03-17 16:14:06.065  2227  2227 I PhoneStatusBar: setSystemUiVisibility vis=0 mask=1 oldVal=40000500 newVal=40000500 diff=0 fullscreenStackVis=0 dockedStackVis=0, fullscreenStackBounds=Rect(0, 0 - 0, 0), dockedStackBounds=Rect(0, 0 - 0, 0)
03-17 16:14:06.107  1702  1737 I WindowManager: Destroying surface Surface(name=PopupWindow:d76a91d) called by com.android.server.wm.WindowStateAnimator.destroySurface:2060 com.android.server.wm.WindowStateAnimator.destroySurfaceLocked:913 com.android.server.wm.WindowState.removeLocked:1554 com.android.server.wm.WindowManagerService.removeWindowInnerLocked:2739 com.android.server.wm.WindowManagerService.removeWindowInnerLocked:2702 com.android.server.wm.WindowManagerService.removeWindowLocked:2691 com.android.server.wm.WindowManagerService.removeWindowLocked:2560 com.android.server.wm.WindowManagerService.removeWindow:2555 
03-17 16:14:06.115  2227  2227 V PhoneStatusBar: setLightsOn(true)
03-17 16:14:06.115  2227  2227 I PhoneStatusBar: setSystemUiVisibility vis=0 mask=1 oldVal=40000500 newVal=40000500 diff=0 fullscreenStackVis=0 dockedStackVis=0, fullscreenStackBounds=Rect(0, 0 - 0, 0), dockedStackBounds=Rect(0, 0 - 0, 0)
03-17 16:14:06.127  1702  8671 I WindowManager: Destroying surface Surface(name=PopupWindow:9b04807) called by com.android.server.wm.WindowStateAnimator.destroySurface:2060 com.android.server.wm.WindowStateAnimator.destroySurfaceLocked:913 com.android.server.wm.WindowState.removeLocked:1554 com.android.server.wm.WindowManagerService.removeWindowInnerLocked:2739 com.android.server.wm.WindowManagerService.removeWindowInnerLocked:2702 com.android.server.wm.WindowManagerService.removeWindowLocked:2691 com.android.server.wm.WindowManagerService.removeWindowLocked:2560 com.android.server.wm.WindowManagerService.removeWindow:2555 
03-17 16:14:06.131  2227  2227 V PhoneStatusBar: setLightsOn(true)
03-17 16:14:06.132  2227  2227 I PhoneStatusBar: setSystemUiVisibility vis=0 mask=1 oldVal=40000500 newVal=40000500 diff=0 fullscreenStackVis=0 dockedStackVis=0, fullscreenStackBounds=Rect(0, 0 - 0, 0), dockedStackBounds=Rect(0, 0 - 0, 0)
03-17 16:14:06.311  1702  1820 I DisplayPowerController: HBM brightnessIn =38
03-17 16:14:06.311  1702  1820 I DisplayPowerController: HBM brightnessOut =38
03-17 16:14:06.311  1702  1820 D DisplayPowerController: Animating brightness: target=38, rate=200
03-17 16:14:06.612  1702  1820 I DisplayPowerController: HBM brightnessIn =38
03-17 16:14:06.613  1702  1820 I DisplayPowerController: HBM brightnessOut =38
03-17 16:14:06.613  1702  1820 D DisplayPowerController: Animating brightness: target=38, rate=200
03-17 16:14:06.784  1702 17633 W ActivityManager: getRunningAppProcesses: caller 10111 does not hold REAL_GET_TASKS; limiting output
03-17 16:14:06.913  1702  2105 D PowerManagerService: userActivityNoUpdateLocked: eventTime=261871547, event=2, flags=0x0, uid=1000
03-17 16:14:06.913  1702  2105 D PowerManagerService: ready=true,policy=3,wakefulness=1,wksummary=0x0,uasummary=0x1,bootcompleted=true,boostinprogress=false,waitmodeenable=false,mode=false,manual=38,auto=-1,adj=0.0userId=0
03-17 16:14:06.916  1702  1820 I DisplayPowerController: HBM brightnessIn =38
03-17 16:14:06.916  1702  1820 I DisplayPowerController: HBM brightnessOut =38
03-17 16:14:06.916  1702  1820 D DisplayPowerController: Animating brightness: target=38, rate=200
03-17 16:14:07.615  1702  2105 D PowerManagerService: userActivityNoUpdateLocked: eventTime=261872249, event=2, flags=0x0, uid=1000
03-17 16:14:07.616  1702  2105 D PowerManagerService: ready=true,policy=3,wakefulness=1,wksummary=0x0,uasummary=0x1,bootcompleted=true,boostinprogress=false,waitmodeenable=false,mode=false,manual=38,auto=-1,adj=0.0userId=0
03-17 16:14:07.697  2227  2227 V PhoneStatusBar: setLightsOn(true)
03-17 16:14:07.698  2227  2227 I PhoneStatusBar: setSystemUiVisibility vis=0 mask=1 oldVal=40000500 newVal=40000500 diff=0 fullscreenStackVis=0 dockedStackVis=0, fullscreenStackBounds=Rect(0, 0 - 0, 0), dockedStackBounds=Rect(0, 0 - 0, 0)
03-17 16:14:07.710  2227  2227 V PhoneStatusBar: setLightsOn(true)
03-17 16:14:07.711  2227  2227 I PhoneStatusBar: setSystemUiVisibility vis=0 mask=1 oldVal=40000500 newVal=40000500 diff=0 fullscreenStackVis=0 dockedStackVis=0, fullscreenStackBounds=Rect(0, 0 - 0, 0), dockedStackBounds=Rect(0, 0 - 0, 0)
03-17 16:14:07.747  2227  2227 V PhoneStatusBar: setLightsOn(true)
03-17 16:14:07.748  2227  2227 I PhoneStatusBar: setSystemUiVisibility vis=0 mask=1 oldVal=40000500 newVal=40000500 diff=0 fullscreenStackVis=0 dockedStackVis=0, fullscreenStackBounds=Rect(0, 0 - 0, 0), dockedStackBounds=Rect(0, 0 - 0, 0)
03-17 16:14:07.763  2227  2227 V PhoneStatusBar: setLightsOn(true)
03-17 16:14:07.765  2227  2227 I PhoneStatusBar: setSystemUiVisibility vis=0 mask=1 oldVal=40000500 newVal=40000500 diff=0 fullscreenStackVis=0 dockedStackVis=0, fullscreenStackBounds=Rect(0, 0 - 0, 0), dockedStackBounds=Rect(0, 0 - 0, 0)
03-17 16:14:07.859  2227  2227 V PhoneStatusBar: setLightsOn(true)
03-17 16:14:07.860  2227  2227 I PhoneStatusBar: setSystemUiVisibility vis=0 mask=1 oldVal=40000500 newVal=40000500 diff=0 fullscreenStackVis=0 dockedStackVis=0, fullscreenStackBounds=Rect(0, 0 - 0, 0), dockedStackBounds=Rect(0, 0 - 0, 0)
03-17 16:14:07.878  2227  2227 V PhoneStatusBar: setLightsOn(true)
03-17 16:14:07.879  2227  2227 I PhoneStatusBar: setSystemUiVisibility vis=0 mask=1 oldVal=40000500 newVal=40000500 diff=0 fullscreenStackVis=0 dockedStackVis=0, fullscreenStackBounds=Rect(0, 0 - 0, 0), dockedStackBounds=Rect(0, 0 - 0, 0)
03-17 16:14:08.056  1702  2113 D PowerManagerService: acquire lock=60373518, flags=0x1, tag="RILJ_ACK_WL", name=com.android.phone, ws=null, uid=1001, pid=2626
03-17 16:14:08.057  1702  2113 D PowerManagerService: ready=true,policy=3,wakefulness=1,wksummary=0x1,uasummary=0x1,bootcompleted=true,boostinprogress=false,waitmodeenable=false,mode=false,manual=38,auto=-1,adj=0.0userId=0
03-17 16:14:08.057  1702  2113 D PowerManagerService: Acquiring suspend blocker "PowerManagerService.WakeLocks".
03-17 16:14:08.060  1702 17633 D PowerManagerService: ready=true,policy=3,wakefulness=1,wksummary=0x1,uasummary=0x1,bootcompleted=true,boostinprogress=false,waitmodeenable=false,mode=false,manual=38,auto=-1,adj=0.0userId=0
03-17 16:14:08.061  2227  2227 V PhoneStatusBar: setLightsOn(true)
03-17 16:14:08.061  2227  2227 I PhoneStatusBar: setSystemUiVisibility vis=0 mask=1 oldVal=40000500 newVal=40000500 diff=0 fullscreenStackVis=0 dockedStackVis=0, fullscreenStackBounds=Rect(0, 0 - 0, 0), dockedStackBounds=Rect(0, 0 - 0, 0)
03-17 16:14:08.062  1702 10454 D PowerManagerService: ready=true,policy=3,wakefulness=1,wksummary=0x1,uasummary=0x1,bootcompleted=true,boostinprogress=false,waitmodeenable=false,mode=false,manual=38,auto=-1,adj=0.0userId=0
03-17 16:14:08.064  1702  8290 D PowerManagerService: ready=true,policy=3,wakefulness=1,wksummary=0x1,uasummary=0x1,bootcompleted=true,boostinprogress=false,waitmodeenable=false,mode=false,manual=38,auto=-1,adj=0.0userId=0
03-17 16:14:08.065  1702 27357 D PowerManagerService: ready=true,policy=3,wakefulness=1,wksummary=0x1,uasummary=0x1,bootcompleted=true,boostinprogress=false,waitmodeenable=false,mode=false,manual=38,auto=-1,adj=0.0userId=0
03-17 16:14:08.077  2227  2227 V PhoneStatusBar: setLightsOn(true)
03-17 16:14:08.077  2227  2227 I PhoneStatusBar: setSystemUiVisibility vis=0 mask=1 oldVal=40000500 newVal=40000500 diff=0 fullscreenStackVis=0 dockedStackVis=0, fullscreenStackBounds=Rect(0, 0 - 0, 0), dockedStackBounds=Rect(0, 0 - 0, 0)
03-17 16:14:08.102  1702 14638 D PowerManagerService: ready=true,policy=3,wakefulness=1,wksummary=0x1,uasummary=0x1,bootcompleted=true,boostinprogress=false,waitmodeenable=false,mode=false,manual=38,auto=-1,adj=0.0userId=0
03-17 16:14:08.162  2626  2808 W PhoneInterfaceManager: shouldBlockLocation running ...
03-17 16:14:08.162  2626  2808 I PhoneInterfaceManager: shouldBlockLocation  ret:false
03-17 16:14:08.182  1702  2105 D PowerManagerService: userActivityNoUpdateLocked: eventTime=261872817, event=2, flags=0x0, uid=1000
03-17 16:14:08.183  1702  2105 D PowerManagerService: ready=true,policy=3,wakefulness=1,wksummary=0x1,uasummary=0x1,bootcompleted=true,boostinprogress=false,waitmodeenable=false,mode=false,manual=38,auto=-1,adj=0.0userId=0
03-17 16:14:08.209  2626  2838 W PhoneInterfaceManager: shouldBlockLocation running ...
03-17 16:14:08.209  2626  2838 I PhoneInterfaceManager: shouldBlockLocation  ret:false
03-17 16:14:08.234  3664  3807 D TelephonyManager: getNeighboringCellInfo calling app is com.amap.android.ams
03-17 16:14:08.244  2626  2839 W PhoneInterfaceManager: shouldBlockLocation running ...
03-17 16:14:08.245  2626  2839 I PhoneInterfaceManager: shouldBlockLocation  ret:false
03-17 16:14:08.256  1702  2556 D PowerManagerService: ready=true,policy=3,wakefulness=1,wksummary=0x1,uasummary=0x1,bootcompleted=true,boostinprogress=false,waitmodeenable=false,mode=false,manual=38,auto=-1,adj=0.0userId=0
03-17 16:14:08.259  1702 17633 D PowerManagerService: release:lock=60373518, flg=0x0, tag="RILJ_ACK_WL", name=com.android.phone", ws=null, uid=1001, pid=2626
03-17 16:14:08.260  1702 17633 D PowerManagerService: ready=true,policy=3,wakefulness=1,wksummary=0x1,uasummary=0x1,bootcompleted=true,boostinprogress=false,waitmodeenable=false,mode=false,manual=38,auto=-1,adj=0.0userId=0
03-17 16:14:08.262  2227  2227 V PhoneStatusBar: setLightsOn(true)
03-17 16:14:08.263  2227  2227 I PhoneStatusBar: setSystemUiVisibility vis=0 mask=1 oldVal=40000500 newVal=40000500 diff=0 fullscreenStackVis=0 dockedStackVis=0, fullscreenStackBounds=Rect(0, 0 - 0, 0), dockedStackBounds=Rect(0, 0 - 0, 0)
03-17 16:14:08.266  1702  8290 D PowerManagerService: ready=true,policy=3,wakefulness=1,wksummary=0x0,uasummary=0x1,bootcompleted=true,boostinprogress=false,waitmodeenable=false,mode=false,manual=38,auto=-1,adj=0.0userId=0
03-17 16:14:08.266  1702  8290 D PowerManagerService: Releasing suspend blocker "PowerManagerService.WakeLocks".
03-17 16:14:08.270  2626  8682 W PhoneInterfaceManager: shouldBlockLocation running ...
03-17 16:14:08.270  2626  8682 I PhoneInterfaceManager: shouldBlockLocation  ret:false
03-17 16:14:08.272  1702 27365 D PowerManagerService: ready=true,policy=3,wakefulness=1,wksummary=0x1,uasummary=0x1,bootcompleted=true,boostinprogress=false,waitmodeenable=false,mode=false,manual=38,auto=-1,adj=0.0userId=0
03-17 16:14:08.272  1702 27365 D PowerManagerService: Acquiring suspend blocker "PowerManagerService.WakeLocks".
03-17 16:14:08.278  2227  2227 V PhoneStatusBar: setLightsOn(true)
03-17 16:14:08.279  2227  2227 I PhoneStatusBar: setSystemUiVisibility vis=0 mask=1 oldVal=40000500 newVal=40000500 diff=0 fullscreenStackVis=0 dockedStackVis=0, fullscreenStackBounds=Rect(0, 0 - 0, 0), dockedStackBounds=Rect(0, 0 - 0, 0)
03-17 16:14:08.299  1702  2639 D PowerManagerService: ready=true,policy=3,wakefulness=1,wksummary=0x0,uasummary=0x1,bootcompleted=true,boostinprogress=false,waitmodeenable=false,mode=false,manual=38,auto=-1,adj=0.0userId=0
03-17 16:14:08.299  1702  2639 D PowerManagerService: Releasing suspend blocker "PowerManagerService.WakeLocks".
03-17 16:14:08.300  1702 17632 D PowerManagerService: ready=true,policy=3,wakefulness=1,wksummary=0x1,uasummary=0x1,bootcompleted=true,boostinprogress=false,waitmodeenable=false,mode=false,manual=38,auto=-1,adj=0.0userId=0
03-17 16:14:08.300  1702 17632 D PowerManagerService: Acquiring suspend blocker "PowerManagerService.WakeLocks".
03-17 16:14:08.313  1702  1736 D PowerManagerService: ready=true,policy=3,wakefulness=1,wksummary=0x0,uasummary=0x1,bootcompleted=true,boostinprogress=false,waitmodeenable=false,mode=false,manual=38,auto=-1,adj=0.0userId=0
03-17 16:14:08.313  1702  1736 D PowerManagerService: Releasing suspend blocker "PowerManagerService.WakeLocks".
03-17 16:14:08.324  2626 23469 W PhoneInterfaceManager: shouldBlockLocation running ...
03-17 16:14:08.324  2626 23469 I PhoneInterfaceManager: shouldBlockLocation  ret:false
03-17 16:14:09.505  1702  2105 D PowerManagerService: userActivityNoUpdateLocked: eventTime=261874138, event=2, flags=0x0, uid=1000
03-17 16:14:09.506  1702  2105 D PowerManagerService: ready=true,policy=3,wakefulness=1,wksummary=0x0,uasummary=0x1,bootcompleted=true,boostinprogress=false,waitmodeenable=false,mode=false,manual=38,auto=-1,adj=0.0userId=0
03-17 16:14:09.564  2227  2227 V PhoneStatusBar: setLightsOn(true)
03-17 16:14:09.564  2227  2227 I PhoneStatusBar: setSystemUiVisibility vis=0 mask=1 oldVal=40000500 newVal=40000500 diff=0 fullscreenStackVis=0 dockedStackVis=0, fullscreenStackBounds=Rect(0, 0 - 0, 0), dockedStackBounds=Rect(0, 0 - 0, 0)
03-17 16:14:09.582  2227  2227 V PhoneStatusBar: setLightsOn(true)
03-17 16:14:09.583  2227  2227 I PhoneStatusBar: setSystemUiVisibility vis=0 mask=1 oldVal=40000500 newVal=40000500 diff=0 fullscreenStackVis=0 dockedStackVis=0, fullscreenStackBounds=Rect(0, 0 - 0, 0), dockedStackBounds=Rect(0, 0 - 0, 0)
03-17 16:14:09.818  2227  2227 V PhoneStatusBar: setLightsOn(true)
03-17 16:14:09.818  2227  2227 I PhoneStatusBar: setSystemUiVisibility vis=0 mask=1 oldVal=40000500 newVal=40000500 diff=0 fullscreenStackVis=0 dockedStackVis=0, fullscreenStackBounds=Rect(0, 0 - 0, 0), dockedStackBounds=Rect(0, 0 - 0, 0)
03-17 16:14:09.920  1702  1820 I DisplayPowerController: HBM brightnessIn =38
03-17 16:14:09.920  1702  1820 I DisplayPowerController: HBM brightnessOut =38
03-17 16:14:09.920  1702  1820 D DisplayPowerController: Animating brightness: target=38, rate=200
03-17 16:14:09.955  1702  2113 W ActivityManager: getTasks: caller 10111 does not hold REAL_GET_TASKS; limiting output
03-17 16:14:09.960  1702 27357 W ActivityManager: getTasks: caller 10111 does not hold REAL_GET_TASKS; limiting output
03-17 16:14:10.606  1702  2105 D PowerManagerService: userActivityNoUpdateLocked: eventTime=261875239, event=2, flags=0x0, uid=1000
03-17 16:14:10.607  1702  2105 D PowerManagerService: ready=true,policy=3,wakefulness=1,wksummary=0x0,uasummary=0x1,bootcompleted=true,boostinprogress=false,waitmodeenable=false,mode=false,manual=38,auto=-1,adj=0.0userId=0
03-17 16:14:10.760  2227  2227 V PhoneStatusBar: setLightsOn(true)
03-17 16:14:10.761  2227  2227 I PhoneStatusBar: setSystemUiVisibility vis=0 mask=1 oldVal=40000500 newVal=40000500 diff=0 fullscreenStackVis=0 dockedStackVis=0, fullscreenStackBounds=Rect(0, 0 - 0, 0), dockedStackBounds=Rect(0, 0 - 0, 0)
03-17 16:14:10.786  2227  2227 V PhoneStatusBar: setLightsOn(true)
03-17 16:14:10.787  2227  2227 I PhoneStatusBar: setSystemUiVisibility vis=0 mask=1 oldVal=40000500 newVal=40000500 diff=0 fullscreenStackVis=0 dockedStackVis=0, fullscreenStackBounds=Rect(0, 0 - 0, 0), dockedStackBounds=Rect(0, 0 - 0, 0)
03-17 16:14:10.853  2227  2227 V PhoneStatusBar: setLightsOn(true)
03-17 16:14:10.853  2227  2227 I PhoneStatusBar: setSystemUiVisibility vis=0 mask=1 oldVal=40000500 newVal=40000500 diff=0 fullscreenStackVis=0 dockedStackVis=0, fullscreenStackBounds=Rect(0, 0 - 0, 0), dockedStackBounds=Rect(0, 0 - 0, 0)
03-17 16:14:10.873  2227  2227 V PhoneStatusBar: setLightsOn(true)
03-17 16:14:10.874  2227  2227 I PhoneStatusBar: setSystemUiVisibility vis=0 mask=1 oldVal=40000500 newVal=40000500 diff=0 fullscreenStackVis=0 dockedStackVis=0, fullscreenStackBounds=Rect(0, 0 - 0, 0), dockedStackBounds=Rect(0, 0 - 0, 0)
03-17 16:14:12.930  1702  1820 I DisplayPowerController: HBM brightnessIn =38
03-17 16:14:12.931  1702  1820 I DisplayPowerController: HBM brightnessOut =38
03-17 16:14:12.931  1702  1820 D DisplayPowerController: Animating brightness: target=38, rate=200
03-17 16:14:14.950  1702  2105 D PowerManagerService: userActivityNoUpdateLocked: eventTime=261879585, event=2, flags=0x0, uid=1000
03-17 16:14:14.951  1702  2105 D PowerManagerService: ready=true,policy=3,wakefulness=1,wksummary=0x0,uasummary=0x1,bootcompleted=true,boostinprogress=false,waitmodeenable=false,mode=false,manual=38,auto=-1,adj=0.0userId=0
03-17 16:14:15.028  2227  2227 V PhoneStatusBar: setLightsOn(true)
03-17 16:14:15.028  2227  2227 I PhoneStatusBar: setSystemUiVisibility vis=0 mask=1 oldVal=40000500 newVal=40000500 diff=0 fullscreenStackVis=0 dockedStackVis=0, fullscreenStackBounds=Rect(0, 0 - 0, 0), dockedStackBounds=Rect(0, 0 - 0, 0)
03-17 16:14:15.072  1702  2395 I WindowManager: Destroying surface Surface(name=PopupWindow:d76a91d) called by com.android.server.wm.WindowStateAnimator.destroySurface:2060 com.android.server.wm.WindowStateAnimator.destroySurfaceLocked:913 com.android.server.wm.WindowState.removeLocked:1554 com.android.server.wm.WindowManagerService.removeWindowInnerLocked:2739 com.android.server.wm.WindowManagerService.removeWindowInnerLocked:2702 com.android.server.wm.WindowManagerService.removeWindowLocked:2691 com.android.server.wm.WindowManagerService.removeWindowLocked:2560 com.android.server.wm.WindowManagerService.removeWindow:2555 
03-17 16:14:15.076  2227  2227 V PhoneStatusBar: setLightsOn(true)
03-17 16:14:15.076  2227  2227 I PhoneStatusBar: setSystemUiVisibility vis=0 mask=1 oldVal=40000500 newVal=40000500 diff=0 fullscreenStackVis=0 dockedStackVis=0, fullscreenStackBounds=Rect(0, 0 - 0, 0), dockedStackBounds=Rect(0, 0 - 0, 0)
03-17 16:14:15.087  1702  2555 I WindowManager: Destroying surface Surface(name=PopupWindow:9b04807) called by com.android.server.wm.WindowStateAnimator.destroySurface:2060 com.android.server.wm.WindowStateAnimator.destroySurfaceLocked:913 com.android.server.wm.WindowState.removeLocked:1554 com.android.server.wm.WindowManagerService.removeWindowInnerLocked:2739 com.android.server.wm.WindowManagerService.removeWindowInnerLocked:2702 com.android.server.wm.WindowManagerService.removeWindowLocked:2691 com.android.server.wm.WindowManagerService.removeWindowLocked:2560 com.android.server.wm.WindowManagerService.removeWindow:2555 
03-17 16:14:15.091  2227  2227 V PhoneStatusBar: setLightsOn(true)
03-17 16:14:15.091  2227  2227 I PhoneStatusBar: setSystemUiVisibility vis=0 mask=1 oldVal=40000500 newVal=40000500 diff=0 fullscreenStackVis=0 dockedStackVis=0, fullscreenStackBounds=Rect(0, 0 - 0, 0), dockedStackBounds=Rect(0, 0 - 0, 0)
03-17 16:14:15.941  1702  1820 I DisplayPowerController: HBM brightnessIn =38
03-17 16:14:15.942  1702  1820 I DisplayPowerController: HBM brightnessOut =38
03-17 16:14:15.942  1702  1820 D DisplayPowerController: Animating brightness: target=38, rate=200
03-17 16:14:16.223  1702  2105 D PowerManagerService: userActivityNoUpdateLocked: eventTime=261880856, event=2, flags=0x0, uid=1000
03-17 16:14:16.224  1702  2105 D PowerManagerService: ready=true,policy=3,wakefulness=1,wksummary=0x0,uasummary=0x1,bootcompleted=true,boostinprogress=false,waitmodeenable=false,mode=false,manual=38,auto=-1,adj=0.0userId=0
03-17 16:14:16.320  2227  2227 V PhoneStatusBar: setLightsOn(true)
03-17 16:14:16.321  2227  2227 I PhoneStatusBar: setSystemUiVisibility vis=0 mask=1 oldVal=40000500 newVal=40000500 diff=0 fullscreenStackVis=0 dockedStackVis=0, fullscreenStackBounds=Rect(0, 0 - 0, 0), dockedStackBounds=Rect(0, 0 - 0, 0)
03-17 16:14:16.332  2227  2227 V PhoneStatusBar: setLightsOn(true)
03-17 16:14:16.332  2227  2227 I PhoneStatusBar: setSystemUiVisibility vis=0 mask=1 oldVal=40000500 newVal=40000500 diff=0 fullscreenStackVis=0 dockedStackVis=0, fullscreenStackBounds=Rect(0, 0 - 0, 0), dockedStackBounds=Rect(0, 0 - 0, 0)
03-17 16:14:16.368  2227  2227 V PhoneStatusBar: setLightsOn(true)
03-17 16:14:16.369  2227  2227 I PhoneStatusBar: setSystemUiVisibility vis=0 mask=1 oldVal=40000500 newVal=40000500 diff=0 fullscreenStackVis=0 dockedStackVis=0, fullscreenStackBounds=Rect(0, 0 - 0, 0), dockedStackBounds=Rect(0, 0 - 0, 0)
03-17 16:14:16.386  2227  2227 V PhoneStatusBar: setLightsOn(true)
03-17 16:14:16.386  2227  2227 I PhoneStatusBar: setSystemUiVisibility vis=0 mask=1 oldVal=40000500 newVal=40000500 diff=0 fullscreenStackVis=0 dockedStackVis=0, fullscreenStackBounds=Rect(0, 0 - 0, 0), dockedStackBounds=Rect(0, 0 - 0, 0)
03-17 16:14:16.451  1702  2395 W ActivityManager: getRunningAppProcesses: caller 10113 does not hold REAL_GET_TASKS; limiting output
03-17 16:14:16.568  2227  2227 V PhoneStatusBar: setLightsOn(true)
03-17 16:14:16.569  2227  2227 I PhoneStatusBar: setSystemUiVisibility vis=0 mask=1 oldVal=40000500 newVal=40000500 diff=0 fullscreenStackVis=0 dockedStackVis=0, fullscreenStackBounds=Rect(0, 0 - 0, 0), dockedStackBounds=Rect(0, 0 - 0, 0)
03-17 16:14:16.585  2227  2227 V PhoneStatusBar: setLightsOn(true)
03-17 16:14:16.585  2227  2227 I PhoneStatusBar: setSystemUiVisibility vis=0 mask=1 oldVal=40000500 newVal=40000500 diff=0 fullscreenStackVis=0 dockedStackVis=0, fullscreenStackBounds=Rect(0, 0 - 0, 0), dockedStackBounds=Rect(0, 0 - 0, 0)
03-17 16:14:16.769  1702  2105 D PowerManagerService: userActivityNoUpdateLocked: eventTime=261881405, event=2, flags=0x0, uid=1000
03-17 16:14:16.770  1702  2105 D PowerManagerService: ready=true,policy=3,wakefulness=1,wksummary=0x0,uasummary=0x1,bootcompleted=true,boostinprogress=false,waitmodeenable=false,mode=false,manual=38,auto=-1,adj=0.0userId=0
03-17 16:14:16.800  2227  2227 V PhoneStatusBar: setLightsOn(true)
03-17 16:14:16.800  2227  2227 I PhoneStatusBar: setSystemUiVisibility vis=0 mask=1 oldVal=40000500 newVal=40000500 diff=0 fullscreenStackVis=0 dockedStackVis=0, fullscreenStackBounds=Rect(0, 0 - 0, 0), dockedStackBounds=Rect(0, 0 - 0, 0)
03-17 16:14:16.819  2227  2227 V PhoneStatusBar: setLightsOn(true)
03-17 16:14:16.820  2227  2227 I PhoneStatusBar: setSystemUiVisibility vis=0 mask=1 oldVal=40000500 newVal=40000500 diff=0 fullscreenStackVis=0 dockedStackVis=0, fullscreenStackBounds=Rect(0, 0 - 0, 0), dockedStackBounds=Rect(0, 0 - 0, 0)
03-17 16:14:17.018  2227  2227 V PhoneStatusBar: setLightsOn(true)
