Dec 10 11:03:00 LabSZ sshd[25415]: Failed password for root from 183.62.140.253 port 45179 ssh2
Dec 10 11:03:00 LabSZ sshd[25415]: Received disconnect from 183.62.140.253: 11: Bye Bye [preauth]
Dec 10 11:03:00 LabSZ sshd[25417]: pam_unix(sshd:auth): authentication failure; logname= uid=0 euid=0 tty=ssh ruser= rhost=183.62.140.253  user=root
Dec 10 11:03:02 LabSZ sshd[25417]: Failed password for root from 183.62.140.253 port 45648 ssh2
Dec 10 11:03:02 LabSZ sshd[25417]: Received disconnect from 183.62.140.253: 11: Bye Bye [preauth]
Dec 10 11:03:02 LabSZ sshd[25419]: pam_unix(sshd:auth): authentication failure; logname= uid=0 euid=0 tty=ssh ruser= rhost=183.62.140.253  user=root
Dec 10 11:03:05 LabSZ sshd[25419]: Failed password for root from 183.62.140.253 port 46059 ssh2
Dec 10 11:03:05 LabSZ sshd[25419]: Received disconnect from 183.62.140.253: 11: Bye Bye [preauth]
Dec 10 11:03:05 LabSZ sshd[25422]: pam_unix(sshd:auth): authentication failure; logname= uid=0 euid=0 tty=ssh ruser= rhost=183.62.140.253  user=root
Dec 10 11:03:07 LabSZ sshd[25422]: Failed password for root from 183.62.140.253 port 46515 ssh2
Dec 10 11:03:07 LabSZ sshd[25422]: Received disconnect from 183.62.140.253: 11: Bye Bye [preauth]
Dec 10 11:03:07 LabSZ sshd[25424]: pam_unix(sshd:auth): authentication failure; logname= uid=0 euid=0 tty=ssh ruser= rhost=183.62.140.253  user=root
Dec 10 11:03:09 LabSZ sshd[25424]: Failed password for root from 183.62.140.253 port 46953 ssh2
Dec 10 11:03:09 LabSZ sshd[25424]: Received disconnect from 183.62.140.253: 11: Bye Bye [preauth]
Dec 10 11:03:09 LabSZ sshd[25426]: pam_unix(sshd:auth): authentication failure; logname= uid=0 euid=0 tty=ssh ruser= rhost=183.62.140.253  user=root
Dec 10 11:03:12 LabSZ sshd[25426]: Failed password for root from 183.62.140.253 port 47366 ssh2
Dec 10 11:03:12 LabSZ sshd[25426]: Received disconnect from 183.62.140.253: 11: Bye Bye [preauth]
Dec 10 11:03:12 LabSZ sshd[25428]: pam_unix(sshd:auth): authentication failure; logname= uid=0 euid=0 tty=ssh ruser= rhost=183.62.140.253  user=root
Dec 10 11:03:14 LabSZ sshd[25428]: Failed password for root from 183.62.140.253 port 47852 ssh2
Dec 10 11:03:14 LabSZ sshd[25428]: Received disconnect from 183.62.140.253: 11: Bye Bye [preauth]
Dec 10 11:03:14 LabSZ sshd[25430]: pam_unix(sshd:auth): authentication failure; logname= uid=0 euid=0 tty=ssh ruser= rhost=183.62.140.253  user=root
Dec 10 11:03:17 LabSZ sshd[25430]: Failed password for root from 183.62.140.253 port 48252 ssh2
Dec 10 11:03:17 LabSZ sshd[25430]: Received disconnect from 183.62.140.253: 11: Bye Bye [preauth]
Dec 10 11:03:17 LabSZ sshd[25432]: pam_unix(sshd:auth): authentication failure; logname= uid=0 euid=0 tty=ssh ruser= rhost=183.62.140.253  user=root
Dec 10 11:03:19 LabSZ sshd[25432]: Failed password for root from 183.62.140.253 port 48708 ssh2
Dec 10 11:03:19 LabSZ sshd[25432]: Received disconnect from 183.62.140.253: 11: Bye Bye [preauth]
Dec 10 11:03:19 LabSZ sshd[25434]: pam_unix(sshd:auth): authentication failure; logname= uid=0 euid=0 tty=ssh ruser= rhost=183.62.140.253  user=root
Dec 10 11:03:21 LabSZ sshd[25434]: Failed password for root from 183.62.140.253 port 49161 ssh2
Dec 10 11:03:21 LabSZ sshd[25434]: Received disconnect from 183.62.140.253: 11: Bye Bye [preauth]
Dec 10 11:03:21 LabSZ sshd[25436]: pam_unix(sshd:auth): authentication failure; logname= uid=0 euid=0 tty=ssh ruser= rhost=183.62.140.253  user=root
Dec 10 11:03:24 LabSZ sshd[25436]: Failed password for root from 183.62.140.253 port 49567 ssh2
Dec 10 11:03:24 LabSZ sshd[25436]: Received disconnect from 183.62.140.253: 11: Bye Bye [preauth]
Dec 10 11:03:24 LabSZ sshd[25438]: pam_unix(sshd:auth): authentication failure; logname= uid=0 euid=0 tty=ssh ruser= rhost=183.62.140.253  user=root
Dec 10 11:03:27 LabSZ sshd[25438]: Failed password for root from 183.62.140.253 port 50101 ssh2
Dec 10 11:03:27 LabSZ sshd[25438]: Received disconnect from 183.62.140.253: 11: Bye Bye [preauth]
Dec 10 11:03:27 LabSZ sshd[25440]: pam_unix(sshd:auth): authentication failure; logname= uid=0 euid=0 tty=ssh ruser= rhost=183.62.140.253  user=root
Dec 10 11:03:29 LabSZ sshd[25440]: Failed password for root from 183.62.140.253 port 50562 ssh2
Dec 10 11:03:29 LabSZ sshd[25440]: Received disconnect from 183.62.140.253: 11: Bye Bye [preauth]
Dec 10 11:03:29 LabSZ sshd[25442]: pam_unix(sshd:auth): authentication failure; logname= uid=0 euid=0 tty=ssh ruser= rhost=183.62.140.253  user=root
Dec 10 11:03:31 LabSZ sshd[25442]: Failed password for root from 183.62.140.253 port 51018 ssh2
Dec 10 11:03:31 LabSZ sshd[25442]: Received disconnect from 183.62.140.253: 11: Bye Bye [preauth]
Dec 10 11:03:31 LabSZ sshd[25444]: pam_unix(sshd:auth): authentication failure; logname= uid=0 euid=0 tty=ssh ruser= rhost=183.62.140.253  user=root
Dec 10 11:03:33 LabSZ sshd[25444]: Failed password for root from 183.62.140.253 port 51443 ssh2
Dec 10 11:03:33 LabSZ sshd[25444]: Received disconnect from 183.62.140.253: 11: Bye Bye [preauth]
Dec 10 11:03:34 LabSZ sshd[25446]: pam_unix(sshd:auth): authentication failure; logname= uid=0 euid=0 tty=ssh ruser= rhost=183.62.140.253  user=root
Dec 10 11:03:36 LabSZ sshd[25446]: Failed password for root from 183.62.140.253 port 51867 ssh2
Dec 10 11:03:36 LabSZ sshd[25446]: Received disconnect from 183.62.140.253: 11: Bye Bye [preauth]
Dec 10 11:03:36 LabSZ sshd[25450]: pam_unix(sshd:auth): authentication failure; logname= uid=0 euid=0 tty=ssh ruser= rhost=183.62.140.253  user=root
Dec 10 11:03:37 LabSZ sshd[25448]: Invalid user admin from 103.99.0.122
Dec 10 11:03:37 LabSZ sshd[25448]: input_userauth_request: invalid user admin [preauth]
Dec 10 11:03:37 LabSZ sshd[25448]: pam_unix(sshd:auth): check pass; user unknown
Dec 10 11:03:37 LabSZ sshd[25448]: pam_unix(sshd:auth): authentication failure; logname= uid=0 euid=0 tty=ssh ruser= rhost=103.99.0.122 
Dec 10 11:03:38 LabSZ sshd[25450]: Failed password for root from 183.62.140.253 port 52289 ssh2
Dec 10 11:03:38 LabSZ sshd[25450]: Received disconnect from 183.62.140.253: 11: Bye Bye [preauth]
Dec 10 11:03:38 LabSZ sshd[25453]: pam_unix(sshd:auth): authentication failure; logname= uid=0 euid=0 tty=ssh ruser= rhost=183.62.140.253  user=root
Dec 10 11:03:39 LabSZ sshd[25448]: Failed password for invalid user admin from 103.99.0.122 port 60150 ssh2
Dec 10 11:03:40 LabSZ sshd[25448]: error: Received disconnect from 103.99.0.122: 14: No more user authentication methods available. [preauth]
Dec 10 11:03:41 LabSZ sshd[25453]: Failed password for root from 183.62.140.253 port 52762 ssh2
Dec 10 11:03:41 LabSZ sshd[25453]: Received disconnect from 183.62.140.253: 11: Bye Bye [preauth]
Dec 10 11:03:41 LabSZ sshd[25455]: Invalid user support from 103.99.0.122
Dec 10 11:03:41 LabSZ sshd[25455]: input_userauth_request: invalid user support [preauth]
Dec 10 11:03:41 LabSZ sshd[25455]: pam_unix(sshd:auth): check pass; user unknown
Dec 10 11:03:41 LabSZ sshd[25455]: pam_unix(sshd:auth): authentication failure; logname= uid=0 euid=0 tty=ssh ruser= rhost=103.99.0.122 
Dec 10 11:03:43 LabSZ sshd[25455]: Failed password for invalid user support from 103.99.0.122 port 60735 ssh2
Dec 10 11:03:44 LabSZ sshd[25455]: error: Received disconnect from 103.99.0.122: 14: No more user authentication methods available. [preauth]
Dec 10 11:03:45 LabSZ sshd[25459]: Invalid user user from 103.99.0.122
Dec 10 11:03:45 LabSZ sshd[25459]: input_userauth_request: invalid user user [preauth]
Dec 10 11:03:45 LabSZ sshd[25459]: pam_unix(sshd:auth): check pass; user unknown
Dec 10 11:03:45 LabSZ sshd[25459]: pam_unix(sshd:auth): authentication failure; logname= uid=0 euid=0 tty=ssh ruser= rhost=103.99.0.122 
Dec 10 11:03:48 LabSZ sshd[25459]: Failed password for invalid user user from 103.99.0.122 port 61269 ssh2
Dec 10 11:03:48 LabSZ sshd[25459]: error: Received disconnect from 103.99.0.122: 14: No more user authentication methods available. [preauth]
Dec 10 11:03:50 LabSZ sshd[25461]: pam_unix(sshd:auth): authentication failure; logname= uid=0 euid=0 tty=ssh ruser= rhost=103.99.0.122  user=root
Dec 10 11:03:51 LabSZ sshd[25457]: pam_unix(sshd:auth): authentication failure; logname= uid=0 euid=0 tty=ssh ruser= rhost=183.62.140.253  user=root
Dec 10 11:03:51 LabSZ sshd[25463]: pam_unix(sshd:auth): authentication failure; logname= uid=0 euid=0 tty=ssh ruser= rhost=183.62.140.253  user=root
Dec 10 11:03:52 LabSZ sshd[25461]: Failed password for root from 103.99.0.122 port 61906 ssh2
Dec 10 11:03:52 LabSZ sshd[25461]: error: Received disconnect from 103.99.0.122: 14: No more user authentication methods available. [preauth]
Dec 10 11:03:53 LabSZ sshd[25457]: Failed password for root from 183.62.140.253 port 53245 ssh2
Dec 10 11:03:53 LabSZ sshd[25457]: fatal: Write failed: Connection reset by peer [preauth]
Dec 10 11:03:53 LabSZ sshd[25463]: Failed password for root from 183.62.140.253 port 55138 ssh2
Dec 10 11:03:53 LabSZ sshd[25463]: Received disconnect from 183.62.140.253: 11: Bye Bye [preauth]
Dec 10 11:03:53 LabSZ sshd[25468]: pam_unix(sshd:auth): authentication failure; logname= uid=0 euid=0 tty=ssh ruser= rhost=183.62.140.253  user=root
Dec 10 11:03:54 LabSZ sshd[25465]: Invalid user 1234 from 103.99.0.122
Dec 10 11:03:54 LabSZ sshd[25465]: input_userauth_request: invalid user 1234 [preauth]
Dec 10 11:03:54 LabSZ sshd[25465]: pam_unix(sshd:auth): check pass; user unknown
Dec 10 11:03:54 LabSZ sshd[25465]: pam_unix(sshd:auth): authentication failure; logname= uid=0 euid=0 tty=ssh ruser= rhost=103.99.0.122 
Dec 10 11:03:56 LabSZ sshd[25468]: Failed password for root from 183.62.140.253 port 55557 ssh2
Dec 10 11:03:56 LabSZ sshd[25468]: Received disconnect from 183.62.140.253: 11: Bye Bye [preauth]
Dec 10 11:03:56 LabSZ sshd[25470]: pam_unix(sshd:auth): authentication failure; logname= uid=0 euid=0 tty=ssh ruser= rhost=183.62.140.253  user=root
Dec 10 11:03:56 LabSZ sshd[25465]: Failed password for invalid user 1234 from 103.99.0.122 port 62429 ssh2
Dec 10 11:03:57 LabSZ sshd[25465]: error: Received disconnect from 103.99.0.122: 14: No more user authentication methods available. [preauth]
Dec 10 11:03:58 LabSZ sshd[25470]: Failed password for root from 183.62.140.253 port 55969 ssh2
Dec 10 11:03:58 LabSZ sshd[25470]: Received disconnect from 183.62.140.253: 11: Bye Bye [preauth]
Dec 10 11:03:58 LabSZ sshd[25474]: pam_unix(sshd:auth): authentication failure; logname= uid=0 euid=0 tty=ssh ruser= rhost=183.62.140.253  user=root
Dec 10 11:03:58 LabSZ sshd[25472]: pam_unix(sshd:auth): authentication failure; logname= uid=0 euid=0 tty=ssh ruser= rhost=103.99.0.122  user=root
Dec 10 11:04:00 LabSZ sshd[25474]: Failed password for root from 183.62.140.253 port 56423 ssh2
Dec 10 11:04:00 LabSZ sshd[25474]: Received disconnect from 183.62.140.253: 11: Bye Bye [preauth]
Dec 10 11:04:00 LabSZ sshd[25476]: pam_unix(sshd:auth): authentication failure; logname= uid=0 euid=0 tty=ssh ruser= rhost=183.62.140.253  user=root
Dec 10 11:04:00 LabSZ sshd[25472]: Failed password for root from 103.99.0.122 port 63012 ssh2
Dec 10 11:04:00 LabSZ sshd[25472]: error: Received disconnect from 103.99.0.122: 14: No more user authentication methods available. [preauth]
Dec 10 11:04:02 LabSZ sshd[25478]: Invalid user anonymous from 103.99.0.122
Dec 10 11:04:02 LabSZ sshd[25478]: input_userauth_request: invalid user anonymous [preauth]
Dec 10 11:04:02 LabSZ sshd[25478]: pam_unix(sshd:auth): check pass; user unknown
Dec 10 11:04:02 LabSZ sshd[25478]: pam_unix(sshd:auth): authentication failure; logname= uid=0 euid=0 tty=ssh ruser= rhost=103.99.0.122 
Dec 10 11:04:02 LabSZ sshd[25476]: Failed password for root from 183.62.140.253 port 56779 ssh2
Dec 10 11:04:02 LabSZ sshd[25476]: Received disconnect from 183.62.140.253: 11: Bye Bye [preauth]
Dec 10 11:04:02 LabSZ sshd[25480]: pam_unix(sshd:auth): authentication failure; logname= uid=0 euid=0 tty=ssh ruser= rhost=183.62.140.253  user=root
Dec 10 11:04:04 LabSZ sshd[25478]: Failed password for invalid user anonymous from 103.99.0.122 port 63514 ssh2
Dec 10 11:04:04 LabSZ sshd[25478]: error: Received disconnect from 103.99.0.122: 14: No more user authentication methods available. [preauth]
Dec 10 11:04:04 LabSZ sshd[25480]: Failed password for root from 183.62.140.253 port 57223 ssh2
Dec 10 11:04:04 LabSZ sshd[25480]: Received disconnect from 183.62.140.253: 11: Bye Bye [preauth]
Dec 10 11:04:05 LabSZ sshd[25482]: pam_unix(sshd:auth): authentication failure; logname= uid=0 euid=0 tty=ssh ruser= rhost=183.62.140.253  user=root
Dec 10 11:04:06 LabSZ sshd[25482]: Failed password for root from 183.62.140.253 port 57631 ssh2
Dec 10 11:04:06 LabSZ sshd[25482]: Received disconnect from 183.62.140.253: 11: Bye Bye [preauth]
Dec 10 11:04:06 LabSZ sshd[25487]: pam_unix(sshd:auth): authentication failure; logname= uid=0 euid=0 tty=ssh ruser= rhost=183.62.140.253  user=root
Dec 10 11:04:07 LabSZ sshd[25484]: Invalid user admin from 103.99.0.122
Dec 10 11:04:07 LabSZ sshd[25484]: input_userauth_request: invalid user admin [preauth]
Dec 10 11:04:07 LabSZ sshd[25484]: pam_unix(sshd:auth): check pass; user unknown
Dec 10 11:04:07 LabSZ sshd[25484]: pam_unix(sshd:auth): authentication failure; logname= uid=0 euid=0 tty=ssh ruser= rhost=103.99.0.122 
Dec 10 11:04:08 LabSZ sshd[25487]: Failed password for root from 183.62.140.253 port 57916 ssh2
Dec 10 11:04:08 LabSZ sshd[25487]: Received disconnect from 183.62.140.253: 11: Bye Bye [preauth]
Dec 10 11:04:08 LabSZ sshd[25490]: pam_unix(sshd:auth): authentication failure; logname= uid=0 euid=0 tty=ssh ruser= rhost=183.62.140.253  user=root
Dec 10 11:04:10 LabSZ sshd[25484]: Failed password for invalid user admin from 103.99.0.122 port 64031 ssh2
Dec 10 11:04:10 LabSZ sshd[25484]: error: Received disconnect from 103.99.0.122: 14: No more user authentication methods available. [preauth]
Dec 10 11:04:11 LabSZ sshd[25490]: Failed password for root from 183.62.140.253 port 58365 ssh2
Dec 10 11:04:11 LabSZ sshd[25490]: Received disconnect from 183.62.140.253: 11: Bye Bye [preauth]
Dec 10 11:04:11 LabSZ sshd[25494]: pam_unix(sshd:auth): authentication failure; logname= uid=0 euid=0 tty=ssh ruser= rhost=183.62.140.253  user=root
Dec 10 11:04:12 LabSZ sshd[25492]: Invalid user ubnt from 103.99.0.122
Dec 10 11:04:12 LabSZ sshd[25492]: input_userauth_request: invalid user ubnt [preauth]
Dec 10 11:04:12 LabSZ sshd[25492]: pam_unix(sshd:auth): check pass; user unknown
Dec 10 11:04:12 LabSZ sshd[25492]: pam_unix(sshd:auth): authentication failure; logname= uid=0 euid=0 tty=ssh ruser= rhost=103.99.0.122 
Dec 10 11:04:13 LabSZ sshd[25494]: Failed password for root from 183.62.140.253 port 58869 ssh2
Dec 10 11:04:13 LabSZ sshd[25494]: Received disconnect from 183.62.140.253: 11: Bye Bye [preauth]
Dec 10 11:04:13 LabSZ sshd[25497]: pam_unix(sshd:auth): authentication failure; logname= uid=0 euid=0 tty=ssh ruser= rhost=183.62.140.253  user=root
Dec 10 11:04:14 LabSZ sshd[25492]: Failed password for invalid user ubnt from 103.99.0.122 port 64908 ssh2
Dec 10 11:04:15 LabSZ sshd[25492]: error: Received disconnect from 103.99.0.122: 14: No more user authentication methods available. [preauth]
Dec 10 11:04:16 LabSZ sshd[25497]: Failed password for root from 183.62.140.253 port 59303 ssh2
Dec 10 11:04:16 LabSZ sshd[25497]: Received disconnect from 183.62.140.253: 11: Bye Bye [preauth]
Dec 10 11:04:16 LabSZ sshd[25501]: pam_unix(sshd:auth): authentication failure; logname= uid=0 euid=0 tty=ssh ruser= rhost=183.62.140.253  user=root
Dec 10 11:04:16 LabSZ sshd[25499]: pam_unix(sshd:auth): authentication failure; logname= uid=0 euid=0 tty=ssh ruser= rhost=103.99.0.122  user=uucp
Dec 10 11:04:17 LabSZ sshd[25501]: Failed password for root from 183.62.140.253 port 59702 ssh2
Dec 10 11:04:17 LabSZ sshd[25501]: Received disconnect from 183.62.140.253: 11: Bye Bye [preauth]
Dec 10 11:04:18 LabSZ sshd[25503]: pam_unix(sshd:auth): authentication failure; logname= uid=0 euid=0 tty=ssh ruser= rhost=183.62.140.253  user=root
Dec 10 11:04:18 LabSZ sshd[25499]: Failed password for uucp from 103.99.0.122 port 65454 ssh2
Dec 10 11:04:18 LabSZ sshd[25499]: error: Received disconnect from 103.99.0.122: 14: No more user authentication methods available. [preauth]
Dec 10 11:04:20 LabSZ sshd[25503]: Failed password for root from 183.62.140.253 port 60061 ssh2
Dec 10 11:04:20 LabSZ sshd[25503]: Received disconnect from 183.62.140.253: 11: Bye Bye [preauth]
Dec 10 11:04:20 LabSZ sshd[25508]: pam_unix(sshd:auth): authentication failure; logname= uid=0 euid=0 tty=ssh ruser= rhost=183.62.140.253  user=root
Dec 10 11:04:21 LabSZ sshd[25505]: pam_unix(sshd:auth): authentication failure; logname= uid=0 euid=0 tty=ssh ruser= rhost=103.99.0.122  user=sshd
Dec 10 11:04:23 LabSZ sshd[25508]: Failed password for root from 183.62.140.253 port 60554 ssh2
Dec 10 11:04:23 LabSZ sshd[25508]: Received disconnect from 183.62.140.253: 11: Bye Bye [preauth]
Dec 10 11:04:23 LabSZ sshd[25511]: pam_unix(sshd:auth): authentication failure; logname= uid=0 euid=0 tty=ssh ruser= rhost=183.62.140.253  user=root
Dec 10 11:04:23 LabSZ sshd[25505]: Failed password for sshd from 103.99.0.122 port 49598 ssh2
Dec 10 11:04:23 LabSZ sshd[25505]: error: Received disconnect from 103.99.0.122: 14: No more user authentication methods available. [preauth]
Dec 10 11:04:25 LabSZ sshd[25511]: Failed password for root from 183.62.140.253 port 32826 ssh2
Dec 10 11:04:25 LabSZ sshd[25511]: Received disconnect from 183.62.140.253: 11: Bye Bye [preauth]
Dec 10 11:04:25 LabSZ sshd[25516]: pam_unix(sshd:auth): authentication failure; logname= uid=0 euid=0 tty=ssh ruser= rhost=183.62.140.253  user=root
Dec 10 11:04:25 LabSZ sshd[25513]: Invalid user admin from 103.99.0.122
Dec 10 11:04:25 LabSZ sshd[25513]: input_userauth_request: invalid user admin [preauth]
Dec 10 11:04:25 LabSZ sshd[25513]: pam_unix(sshd:auth): check pass; user unknown
Dec 10 11:04:25 LabSZ sshd[25513]: pam_unix(sshd:auth): authentication failure; logname= uid=0 euid=0 tty=ssh ruser= rhost=103.99.0.122 
Dec 10 11:04:27 LabSZ sshd[25516]: Failed password for root from 183.62.140.253 port 33233 ssh2
Dec 10 11:04:27 LabSZ sshd[25516]: Received disconnect from 183.62.140.253: 11: Bye Bye [preauth]
Dec 10 11:04:27 LabSZ sshd[25513]: Failed password for invalid user admin from 103.99.0.122 port 50289 ssh2
Dec 10 11:04:27 LabSZ sshd[25519]: pam_unix(sshd:auth): authentication failure; logname= uid=0 euid=0 tty=ssh ruser= rhost=183.62.140.253  user=root
Dec 10 11:04:28 LabSZ sshd[25513]: error: Received disconnect from 103.99.0.122: 14: No more user authentication methods available. [preauth]
Dec 10 11:04:30 LabSZ sshd[25519]: Failed password for root from 183.62.140.253 port 33665 ssh2
Dec 10 11:04:30 LabSZ sshd[25519]: Received disconnect from 183.62.140.253: 11: Bye Bye [preauth]
Dec 10 11:04:30 LabSZ sshd[25523]: pam_unix(sshd:auth): authentication failure; logname= uid=0 euid=0 tty=ssh ruser= rhost=183.62.140.253  user=root
Dec 10 11:04:30 LabSZ sshd[25521]: Invalid user cisco from 103.99.0.122
Dec 10 11:04:30 LabSZ sshd[25521]: input_userauth_request: invalid user cisco [preauth]
Dec 10 11:04:30 LabSZ sshd[25521]: pam_unix(sshd:auth): check pass; user unknown
Dec 10 11:04:30 LabSZ sshd[25521]: pam_unix(sshd:auth): authentication failure; logname= uid=0 euid=0 tty=ssh ruser= rhost=103.99.0.122 
Dec 10 11:04:32 LabSZ sshd[25523]: Failed password for root from 183.62.140.253 port 34100 ssh2
Dec 10 11:04:32 LabSZ sshd[25523]: Received disconnect from 183.62.140.253: 11: Bye Bye [preauth]
Dec 10 11:04:32 LabSZ sshd[25521]: Failed password for invalid user cisco from 103.99.0.122 port 50890 ssh2
Dec 10 11:04:32 LabSZ sshd[25525]: pam_unix(sshd:auth): authentication failure; logname= uid=0 euid=0 tty=ssh ruser= rhost=183.62.140.253  user=root
Dec 10 11:04:33 LabSZ sshd[25521]: error: Received disconnect from 103.99.0.122: 14: No more user authentication methods available. [preauth]
Dec 10 11:04:34 LabSZ sshd[25527]: Invalid user test from 103.99.0.122
Dec 10 11:04:34 LabSZ sshd[25527]: input_userauth_request: invalid user test [preauth]
Dec 10 11:04:34 LabSZ sshd[25527]: pam_unix(sshd:auth): check pass; user unknown
Dec 10 11:04:34 LabSZ sshd[25527]: pam_unix(sshd:auth): authentication failure; logname= uid=0 euid=0 tty=ssh ruser= rhost=103.99.0.122 
Dec 10 11:04:35 LabSZ sshd[25525]: Failed password for root from 183.62.140.253 port 34642 ssh2
Dec 10 11:04:35 LabSZ sshd[25525]: Received disconnect from 183.62.140.253: 11: Bye Bye [preauth]
Dec 10 11:04:35 LabSZ sshd[25530]: pam_unix(sshd:auth): authentication failure; logname= uid=0 euid=0 tty=ssh ruser= rhost=183.62.140.253  user=root
Dec 10 11:04:36 LabSZ sshd[25527]: Failed password for invalid user test from 103.99.0.122 port 51592 ssh2
Dec 10 11:04:37 LabSZ sshd[25527]: error: Received disconnect from 103.99.0.122: 14: No more user authentication methods available. [preauth]
Dec 10 11:04:37 LabSZ sshd[25530]: Failed password for root from 183.62.140.253 port 35101 ssh2
Dec 10 11:04:37 LabSZ sshd[25530]: Received disconnect from 183.62.140.253: 11: Bye Bye [preauth]
Dec 10 11:04:37 LabSZ sshd[25532]: pam_unix(sshd:auth): authentication failure; logname= uid=0 euid=0 tty=ssh ruser= rhost=183.62.140.253  user=root
Dec 10 11:04:38 LabSZ sshd[25534]: Invalid user guest from 103.99.0.122
Dec 10 11:04:38 LabSZ sshd[25534]: input_userauth_request: invalid user guest [preauth]
Dec 10 11:04:38 LabSZ sshd[25534]: pam_unix(sshd:auth): check pass; user unknown
Dec 10 11:04:38 LabSZ sshd[25534]: pam_unix(sshd:auth): authentication failure; logname= uid=0 euid=0 tty=ssh ruser= rhost=103.99.0.122 
Dec 10 11:04:40 LabSZ sshd[25532]: Failed password for root from 183.62.140.253 port 35545 ssh2
Dec 10 11:04:40 LabSZ sshd[25532]: Received disconnect from 183.62.140.253: 11: Bye Bye [preauth]
Dec 10 11:04:40 LabSZ sshd[25534]: Failed password for invalid user guest from 103.99.0.122 port 52172 ssh2
Dec 10 11:04:40 LabSZ sshd[25537]: pam_unix(sshd:auth): authentication failure; logname= uid=0 euid=0 tty=ssh ruser= rhost=183.62.140.253  user=root
Dec 10 11:04:41 LabSZ sshd[25534]: error: Received disconnect from 103.99.0.122: 14: No more user authentication methods available. [preauth]
Dec 10 11:04:41 LabSZ sshd[25537]: Failed password for root from 183.62.140.253 port 36027 ssh2
Dec 10 11:04:41 LabSZ sshd[25537]: Received disconnect from 183.62.140.253: 11: Bye Bye [preauth]
Dec 10 11:04:41 LabSZ sshd[25541]: pam_unix(sshd:auth): authentication failure; logname= uid=0 euid=0 tty=ssh ruser= rhost=183.62.140.253  user=root
Dec 10 11:04:42 LabSZ sshd[25539]: Invalid user user from 103.99.0.122
Dec 10 11:04:42 LabSZ sshd[25539]: input_userauth_request: invalid user user [preauth]
Dec 10 11:04:42 LabSZ sshd[25539]: pam_unix(sshd:auth): check pass; user unknown
Dec 10 11:04:42 LabSZ sshd[25539]: pam_unix(sshd:auth): authentication failure; logname= uid=0 euid=0 tty=ssh ruser= rhost=103.99.0.122 
Dec 10 11:04:43 LabSZ sshd[25541]: Failed password for root from 183.62.140.253 port 36300 ssh2
Dec 10 11:04:43 LabSZ sshd[25541]: Received disconnect from 183.62.140.253: 11: Bye Bye [preauth]
Dec 10 11:04:43 LabSZ sshd[25544]: pam_unix(sshd:auth): authentication failure; logname= uid=0 euid=0 tty=ssh ruser= rhost=183.62.140.253  user=root
Dec 10 11:04:45 LabSZ sshd[25539]: Failed password for invalid user user from 103.99.0.122 port 52683 ssh2